ok    no blocks at all -> fail (rc=1 out=)
ok    height 1 below minimum 3 -> fail (the reproduced bug) (rc=1 out=)
ok    height 2, one short -> fail (rc=1 out=)
ok    height 3 meets minimum 3 -> pass (rc=0 out=3)
ok    height 7 exceeds minimum -> pass (rc=0 out=7)
ok    latest line wins -> pass (rc=0 out=5)

height-gate self-test: all checks passed
height=65
alice has a note at height<=65; chain at 67, coinbase mature
== stage 5: genesis ==
alice lock-root=6Gn3zaAVYhto5qpVL84CpBQNGGokBxssUtZmw5879BESZVMdTmpEhfw
bob   lock-root=CyjTA9Bz6oiepyYL4L4kyk3KPAtJRipnxkNZ7oDZSeygrevcLocA7wV
  tx=/home/user/nmeme-run/wallets/alice/txs/8zo8mJBEYbuaoX4Y1T3cLyGEfP3xRb6w4JmpA8xrgP3khxBjc76tFV6.tx
  verified output lock-root 6Gn3zaAVYhto5qpVL84CpBQNGGokBxssUtZmw5879BESZVMdTmpEhfw
FEE	current=8192	required=5504	seed_words=29	witness_words=56
  new sig-hash=3ExzKUyMzjiiq71p2PQxsjs3HQ8Pf31S9E7ko8jsFAqgnAYtREQFQKx
nockchain-wallet tx-status CxfcXk3W3dAHAhZXGJjKKZ2FnZBW4JhgfU61Y2ju2RGB4duWipZfh
Bh.
- Fee: paid 8192 nicks, consensus minimum 6016 nicks.
――――――――――――――――――――――――――――――――――――――――――――――――――――――――――――――――――――――――――――――――

  txid=CxfcXk3W3dAHAhZXGJjKKZ2FnZBW4JhgfU61Y2ju2RGB4duWipZfhBh
  confirmed at height 75
== stage 6: transfer 100 to bob, 999900 back to alice ==
# snapshot height 85 block XrN5TSuRhGRo8HZonnLAmerPy8nAv8FuvWWs8Srz3jLPN4CMhJDkPo
NOTE	[2tqeQQXSWe5U7qCy4jprnGqrDEVrq4bK5669ShFSjRPzM1PuEFSr11f D8CjbZLEu4Eykt1ToumVAH3JPBjZFtU6S6SjqK5HfyPe6w9ttLD6cwi]	0	1000000
  allocating 100 to bob, 999900 back to alice
  spending note(s): [2tqeQQXSWe5U7qCy4jprnGqrDEVrq4bK5669ShFSjRPzM1PuEFSr11f D8CjbZLEu4Eykt1ToumVAH3JPBjZFtU6S6SjqK5HfyPe6w9ttLD6cwi]
  tx=/home/user/nmeme-run/wallets/alice/txs/9j2JEBAd76mbojHpM5tKz2ScuNecRppEevAB7FCTRf1k3ZTUMZkJUhV.tx
  verified output lock-root CyjTA9Bz6oiepyYL4L4kyk3KPAtJRipnxkNZ7oDZSeygrevcLocA7wV
  verified output lock-root 6Gn3zaAVYhto5qpVL84CpBQNGGokBxssUtZmw5879BESZVMdTmpEhfw
FEE	current=8192	required=7168	seed_words=42	witness_words=56
  new sig-hash=4rDiSe8pRngDnKzByaoreX7ty7WrMxPs7sZGD2Mcs4PJnh4czZmQqCm
nockchain-wallet tx-status Z8tvhDFP4SkuxcfCzkLpjorxryUF7jocdZB3HCPEeqjmokVqsC5Gi
.
- Fee: paid 8192 nicks, consensus minimum 7424 nicks.
――――――――――――――――――――――――――――――――――――――――――――――――――――――――――――――――――――――――――――――――

  txid=Z8tvhDFP4SkuxcfCzkLpjorxryUF7jocdZB3HCPEeqjmokVqsC5Gi
  confirmed at height 91
== stage 7: replay the mined transactions and assert balances ==
live-demo exit: 0
