ok    no blocks at all -> fail (rc=1 out=)
ok    height 1 below minimum 3 -> fail (the reproduced bug) (rc=1 out=)
ok    height 2, one short -> fail (rc=1 out=)
ok    height 3 meets minimum 3 -> pass (rc=0 out=3)
ok    height 7 exceeds minimum -> pass (rc=0 out=7)
ok    latest line wins -> pass (rc=0 out=5)

height-gate self-test: all checks passed
height=738
alice has a note at height<=739; chain at 742, coinbase mature
== stage 5: resolve lock-roots ==
alice lock-root=6Gn3zaAVYhto5qpVL84CpBQNGGokBxssUtZmw5879BESZVMdTmpEhfw
bob   lock-root=CyjTA9Bz6oiepyYL4L4kyk3KPAtJRipnxkNZ7oDZSeygrevcLocA7wV
funding is read at: --lock 6Gn3zaAVYhto5qpVL84CpBQNGGokBxssUtZmw5879BESZVMdTmpEhfw --first 2tqeQQXSWe5U7qCy4jprnGqrDEVrq4bK5669ShFSjRPzM1PuEFSr11f --first 4mWu8uLjC6W9BgWVzTW9r4qJ3ZPMNgP28xDnKfy1QYz14mkjyF4b8Ax
== A: genesis (DOGE) ==
# funding: 730 coinbase (verified against block parents), 0 plain, 10 claim
# funding: 734 coinbase (verified against block parents), 0 plain, 10 claim
  coinbase funding note (verified against its block's parent): [4mWu8uLjC6W9BgWVzTW9r4qJ3ZPMNgP28xDnKfy1QYz14mkjyF4b8Ax Y6bv9Wvc71jbj6FbddPRswigF6r6vk75xMNn6g2KD5cwytdpHjqY3f]
  spending note(s): [4mWu8uLjC6W9BgWVzTW9r4qJ3ZPMNgP28xDnKfy1QYz14mkjyF4b8Ax Y6bv9Wvc71jbj6FbddPRswigF6r6vk75xMNn6g2KD5cwytdpHjqY3f]
  tx=/home/user/nmeme-run/wallets/alice/txs/AnjweZptpE1hxgcKzTrxaqYj6dnBpirdKV4EVHwWhRWazK6dSJRpHUf.tx
  # inputs read live at height 749 block 3MvowHvhXjpgMn9Z7tb6DAZA647SqLL8Efqvyjw2srhxs3Q2bLdyqm3
  INPUT-OK	[4mWu8uLjC6W9BgWVzTW9r4qJ3ZPMNgP28xDnKfy1QYz14mkjyF4b8Ax Y6bv9Wvc71jbj6FbddPRswigF6r6vk75xMNn6g2KD5cwytdpHjqY3f]	tokenfree (node shows no claim)
  INPUTS	1 verified live
  verified output lock-root 6Gn3zaAVYhto5qpVL84CpBQNGGokBxssUtZmw5879BESZVMdTmpEhfw
FEE	current=8192	required=5696	seed_words=29	witness_words=62
  new sig-hash=D5Azp7uedomXjqpMtwoP3FU4VAim7ijq91YFEi7cqfp8Z9983VWPULR
nockchain-wallet tx-status 2VmMxbfxmY6YwiemQcieXuEsTUtmTR1iFYuiWFQa7PpziqyG8yTLw
EW.
- Fee: paid 8192 nicks, consensus minimum 6208 nicks.
――――――――――――――――――――――――――――――――――――――――――――――――――――――――――――――――――――――――――――――――

  txid=2VmMxbfxmY6YwiemQcieXuEsTUtmTR1iFYuiWFQa7PpziqyG8yTLwEW
  confirmed at height 757
== A: transfer 100 to bob, rest back to alice ==
# funding: 769 coinbase (verified against block parents), 0 plain, 12 claim
  # snapshot height 785 block 7CGnzRxhrfRkZf2j1uqsd2bDhHhTTJ37a9dbokCoT1FnCWR3qWaVa8f
  NOTE	[2tqeQQXSWe5U7qCy4jprnGqrDEVrq4bK5669ShFSjRPzM1PuEFSr11f CWZRS5aJn5nLwt6CEmfQsngs2sfdQN3GrDVhVGnAH1uKH1PZz5KPV6d]	0	1000000
  spending note(s): [2tqeQQXSWe5U7qCy4jprnGqrDEVrq4bK5669ShFSjRPzM1PuEFSr11f CWZRS5aJn5nLwt6CEmfQsngs2sfdQN3GrDVhVGnAH1uKH1PZz5KPV6d]
  tx=/home/user/nmeme-run/wallets/alice/txs/CMk3AaNc3xkqUHKsq1qTzX25aeNEPf9hFSAZqEyD6GLzGgpARL5oLrf.tx
  # inputs read live at height 786 block 9uSqHL834e5bAWE9SLLcX6gXwZuiewmRkkKgqHCtMr1Zw2nNXSQcjCj
  INPUT-OK	[2tqeQQXSWe5U7qCy4jprnGqrDEVrq4bK5669ShFSjRPzM1PuEFSr11f CWZRS5aJn5nLwt6CEmfQsngs2sfdQN3GrDVhVGnAH1uKH1PZz5KPV6d]	named token note
  INPUTS	1 verified live
  verified output lock-root CyjTA9Bz6oiepyYL4L4kyk3KPAtJRipnxkNZ7oDZSeygrevcLocA7wV
  verified output lock-root 6Gn3zaAVYhto5qpVL84CpBQNGGokBxssUtZmw5879BESZVMdTmpEhfw
FEE	current=8192	required=7296	seed_words=43	witness_words=56
  new sig-hash=8E6ufKuzhFZkLDHUHXQGQLUA1grLZo1eVx8YCkqGfSD93YEvp1dQmBB
nockchain-wallet tx-status Bse3vCUrnsnW1FZT6QjGaktdtZKkqVJHLCwTwACxJbWfgEjcKNwc3
ZG.
- Fee: paid 8192 nicks, consensus minimum 7424 nicks.
――――――――――――――――――――――――――――――――――――――――――――――――――――――――――――――――――――――――――――――――

  txid=Bse3vCUrnsnW1FZT6QjGaktdtZKkqVJHLCwTwACxJbWfgEjcKNwc3ZG
  confirmed at height 796
== B: genesis (PEPE) ==
# funding: 805 coinbase (verified against block parents), 0 plain, 12 claim
# funding: 809 coinbase (verified against block parents), 0 plain, 12 claim
  coinbase funding note (verified against its block's parent): [4mWu8uLjC6W9BgWVzTW9r4qJ3ZPMNgP28xDnKfy1QYz14mkjyF4b8Ax BaLxGguyCsb7tuAmp4EaU156GbopuDe8c48qRCcFor1YP7vpjgoJ28D]
  spending note(s): [4mWu8uLjC6W9BgWVzTW9r4qJ3ZPMNgP28xDnKfy1QYz14mkjyF4b8Ax BaLxGguyCsb7tuAmp4EaU156GbopuDe8c48qRCcFor1YP7vpjgoJ28D]
  tx=/home/user/nmeme-run/wallets/alice/txs/DCV8oY6jStLTJNQdsJGTx8khNNmp2EoMZdru9QtDMwPbCKNsJ7habdi.tx
  # inputs read live at height 826 block 5Uec4qef46KL3ruFgBAT7YrURTbioLHrpSSABgMF4bR7nELeiXUqkos
  INPUT-OK	[4mWu8uLjC6W9BgWVzTW9r4qJ3ZPMNgP28xDnKfy1QYz14mkjyF4b8Ax BaLxGguyCsb7tuAmp4EaU156GbopuDe8c48qRCcFor1YP7vpjgoJ28D]	tokenfree (node shows no claim)
  INPUTS	1 verified live
  verified output lock-root 6Gn3zaAVYhto5qpVL84CpBQNGGokBxssUtZmw5879BESZVMdTmpEhfw
FEE	current=8192	required=5696	seed_words=29	witness_words=62
  new sig-hash=AnMTsfUvBNJmy2NnTpDDnDtvZi5xNfid9mH8ksNuddJ4wszAiEea7sR
nockchain-wallet tx-status 3fTdPwkQbVco9aAiwWSghToJLJ48QVC7v2xtMS3YcDZCJYmH9561N
9h.
- Fee: paid 8192 nicks, consensus minimum 6208 nicks.
――――――――――――――――――――――――――――――――――――――――――――――――――――――――――――――――――――――――――――――――

  txid=3fTdPwkQbVco9aAiwWSghToJLJ48QVC7v2xtMS3YcDZCJYmH9561N9h
  confirmed at height 834
== B: transfer 100 to bob, rest back to alice ==
# funding: 831 coinbase (verified against block parents), 0 plain, 14 claim
  # snapshot height 849 block 4hqWSY6w6vazdzUiwyfeb5Z7Q7ZbHkjJTgEkNbYQRF6653HkLWPA7zL
  NOTE	[2tqeQQXSWe5U7qCy4jprnGqrDEVrq4bK5669ShFSjRPzM1PuEFSr11f 4yTvRvZ8yqEAQgqQ38NCA52vYT4eAQBqBAfxG85Tz1jT2coZfaYu5C]	0	1000000
  spending note(s): [2tqeQQXSWe5U7qCy4jprnGqrDEVrq4bK5669ShFSjRPzM1PuEFSr11f 4yTvRvZ8yqEAQgqQ38NCA52vYT4eAQBqBAfxG85Tz1jT2coZfaYu5C]
  tx=/home/user/nmeme-run/wallets/alice/txs/7asVmhw5rpbgsCQCwLH6iPgAQ3Fft3R5GjwazoqWz51LZ9hzV2RHM86.tx
  # inputs read live at height 850 block 2Q7kt8eFjBwazW19riR7HbbrXiCBz7hV7xoJvCPwNagbZdxCHpMnTSk
  INPUT-OK	[2tqeQQXSWe5U7qCy4jprnGqrDEVrq4bK5669ShFSjRPzM1PuEFSr11f 4yTvRvZ8yqEAQgqQ38NCA52vYT4eAQBqBAfxG85Tz1jT2coZfaYu5C]	named token note
  INPUTS	1 verified live
  verified output lock-root CyjTA9Bz6oiepyYL4L4kyk3KPAtJRipnxkNZ7oDZSeygrevcLocA7wV
  verified output lock-root 6Gn3zaAVYhto5qpVL84CpBQNGGokBxssUtZmw5879BESZVMdTmpEhfw
FEE	current=8192	required=7168	seed_words=42	witness_words=56
  new sig-hash=2LJRYM8PR88Zz2djJ9JXrahg2UT2dqpxNeyYVx4m3UF5o2SwVPDZpD1
nockchain-wallet tx-status 7AkA8LFRLfxv5kMEpqS6H1f2anDa2PrQSmEjhZW1PpLrXtHLbMBBP
Jr.
- Fee: paid 8192 nicks, consensus minimum 7424 nicks.
――――――――――――――――――――――――――――――――――――――――――――――――――――――――――――――――――――――――――――――――

  txid=7AkA8LFRLfxv5kMEpqS6H1f2anDa2PrQSmEjhZW1PpLrXtHLbMBBPJr
  confirmed at height 856
== stage 9: replay the complete history and assert both tokens ==
== stage 10: the omitted-history guard, live ==
live-demo exit: 0
