
== 0. the pool and the funder ==
BALANCES	alice	height=2724	nock_total=85756202312	nock_available=60084810048	nock_pending=0	nock_attached=25671392264	nock_attached_pending=0	nock_unknown=0	tokens=BvF8w6sh…:total=913573/available=913573/reserved=0/notes=4 26EG9u2V…:total=869088/available=869088/reserved=0/notes=3	open_requests=0
BALANCES	bob	height=2724	nock_total=9584627	nock_available=5235442	nock_pending=0	nock_attached=4349185	nock_attached_pending=0	nock_unknown=0	tokens=BvF8w6sh…:total=12170/available=12170/reserved=0/notes=10 26EG9u2V…:total=597/available=597/reserved=0/notes=6 6G9bZSkG…:total=9223372036854775807/available=9223372036854775807/reserved=0/notes=1	open_requests=0
BOB	address=7tk6CeaZC3UvTXrAthf7HpJtS9kiijfEfaebVbHEZHXqJ6sDHFj1kCz

== P8-7. two buys at once through the per-pool queue: the second waits for the first to be mined and is quoted against the pool as it stands ==
PLAN	p8-fund-erin-2-r3	pay	inputs=['2tqeQQXSWe5U7qCy4jprnGqrDEVrq4bK5669ShFSjRPzM1PuEFSr11f 9mQCzxv8CWuuKhq6GSL2AAbSsmxy1MVn9NRkMp1bBLF8viRR12c17NK']	required_plain=2016384	plain_change=4290934528	token_change=0	backing=0	backing_spent=0	fee_per_note=16384
  (rebuilding alice's wallet arena from its keys)
  (rebuilding alice's wallet arena (537 MB))
BUILT	p8-fund-erin-2-r3	txid=AwZzvyVNjoF44Nj8KT51TWivvf1DGeq6Stk7cXK88gGE3uYYjRSNfZ3	file=/home/user/nmeme-run/wallets/alice/requests/p8-fund-erin-2-r3/final.jam
SENT	p8-fund-erin-2-r3	txid=AwZzvyVNjoF44Nj8KT51TWivvf1DGeq6Stk7cXK88gGE3uYYjRSNfZ3	at_height=2724	reserved=['2tqeQQXSWe5U7qCy4jprnGqrDEVrq4bK5669ShFSjRPzM1PuEFSr11f 9mQCzxv8CWuuKhq6GSL2AAbSsmxy1MVn9NRkMp1bBLF8viRR12c17NK']
MINED	p8-fund-erin-2-r3	txid=AwZzvyVNjoF44Nj8KT51TWivvf1DGeq6Stk7cXK88gGE3uYYjRSNfZ3	height=2742	block=2jCKjzjpXLfr5tVPjV8erT3PsUke3RQcbc8fGNvc53yscLrgBZfNr7U	canonical=yes	released=['2tqeQQXSWe5U7qCy4jprnGqrDEVrq4bK5669ShFSjRPzM1PuEFSr11f 9mQCzxv8CWuuKhq6GSL2AAbSsmxy1MVn9NRkMp1bBLF8viRR12c17NK']
RESULT	p8-fund-erin-2-r3	pay	mined	txid=AwZzvyVNjoF44Nj8KT51TWivvf1DGeq6Stk7cXK88gGE3uYYjRSNfZ3	height=2742	block=2jCKjzjpXLfr5tVPjV8erT3PsUke3RQcbc8fGNvc53yscLrgBZfNr7U	
DELTA	p8-fund-erin-2-r3	nock_total: 85756202312 -> 85754185928	nock_available: 60084810048 -> 60082793664	nock_attached: 25671392264 -> 25671392264	tokens: BvF8w6sh…: 913573 -> 913573 26EG9u2V…: 869088 -> 869088
BALANCES	alice	height=2776	nock_total=85754185928	nock_available=60082793664	nock_pending=0	nock_attached=25671392264	nock_attached_pending=0	nock_unknown=0	tokens=BvF8w6sh…:total=913573/available=913573/reserved=0/notes=4 26EG9u2V…:total=869088/available=869088/reserved=0/notes=3	open_requests=0
  NOTE	[2tqeQQXSWe5U7qCy4jprnGqrDEVrq4bK5669ShFSjRPzM1PuEFSr11f AFGERjQqVqvCK3Zzdb17rGmzfXZTrFmCCspUF58d7jNBR8moqiL7Yxo]	plain	nicks=4292950912	token=-	units=0	free
  NOTE	[2tqeQQXSWe5U7qCy4jprnGqrDEVrq4bK5669ShFSjRPzM1PuEFSr11f 2aWAEx46tA2f8F5UKrCo25LpQ9QPyXmBPXSyorzawgbQYXEWdQfdnux]	plain	nicks=4291623808	token=-	units=0	free
  NOTE	[2tqeQQXSWe5U7qCy4jprnGqrDEVrq4bK5669ShFSjRPzM1PuEFSr11f 6gWmbjNeKABBvgmZjgj7Xas5qmAeS2nABQNqFJ8UA5VXyp144Dca88t]	plain	nicks=1000	token=-	units=0	free
  NOTE	[2tqeQQXSWe5U7qCy4jprnGqrDEVrq4bK5669ShFSjRPzM1PuEFSr11f 3jGU5GB7zDh6iprmGfdmvB9BuNybuAsCTwrJJdomKodaqbXSegk33i2]	token	nicks=1000	token=BvF8w6sh…	units=100	free
  NOTE	[2tqeQQXSWe5U7qCy4jprnGqrDEVrq4bK5669ShFSjRPzM1PuEFSr11f BzB41g3H3RcQzkudXsHCt7P4byyLpbuPUKNAWPCwZuJF3XkzoRK2uis]	plain	nicks=4290934528	token=-	units=0	free
  NOTE	[2tqeQQXSWe5U7qCy4jprnGqrDEVrq4bK5669ShFSjRPzM1PuEFSr11f 9Eem6B6g5CCCbWajCTh3aLEY3ithmeqeo8EsB5wsELy7oJfS3sM4jiN]	plain	nicks=4290934528	token=-	units=0	free
  NOTE	[2tqeQQXSWe5U7qCy4jprnGqrDEVrq4bK5669ShFSjRPzM1PuEFSr11f hdxN1RY63sqLq5F3QiM8FaFRS75aSQxpdgPp1MXN2RQrjzFAAGVNxN]	plain	nicks=4292834528	token=-	units=0	free
  NOTE	[2tqeQQXSWe5U7qCy4jprnGqrDEVrq4bK5669ShFSjRPzM1PuEFSr11f 3nKghbnmUhKgWqBJveVZBFndjx3FFPsNxfb8s3NPNVcn3xPAhLg2JRX]	plain	nicks=4291623808	token=-	units=0	free
  NOTE	[2tqeQQXSWe5U7qCy4jprnGqrDEVrq4bK5669ShFSjRPzM1PuEFSr11f 5oXogxcBYqAv5fJEUVt3AhAuR5B6g3xc7RgE352qE2QusLSiQ1tEtu4]	plain	nicks=4292623808	token=-	units=0	free
  NOTE	[2tqeQQXSWe5U7qCy4jprnGqrDEVrq4bK5669ShFSjRPzM1PuEFSr11f 65twh2GpL9gbM7dUadZG3PxdSGJu9KGF3gCc3LmjGjnD3JhxNBFTFWi]	plain	nicks=4291623808	token=-	units=0	free
  NOTE	[2tqeQQXSWe5U7qCy4jprnGqrDEVrq4bK5669ShFSjRPzM1PuEFSr11f 52YnPZRXuG8uR1JYmzkCPHB4bz31YN2VnLynQvW8R9UqsQSTkrFju3n]	token	nicks=4294296552	token=26EG9u2V…	units=894	free
  NOTE	[2tqeQQXSWe5U7qCy4jprnGqrDEVrq4bK5669ShFSjRPzM1PuEFSr11f 6GmteLFS9FcwzU3BShWqPjDyGA1f9KYEsZg9D8S1NLpPW5h4pqpNCDq]	plain	nicks=1000	token=-	units=0	free
  NOTE	[2tqeQQXSWe5U7qCy4jprnGqrDEVrq4bK5669ShFSjRPzM1PuEFSr11f FqgfSo7dvquvaTK4o267G2zsNHHjccAeY91QrYCUcCcXXMMnFvYoYW]	plain	nicks=1000	token=-	units=0	free
  NOTE	[2tqeQQXSWe5U7qCy4jprnGqrDEVrq4bK5669ShFSjRPzM1PuEFSr11f 2aah97ktrDv3kXktP2PvdyuomWV4XCLmpKbk5bKzT2z2gSjo5SHt2a7]	plain	nicks=1000	token=-	units=0	free
  NOTE	[2tqeQQXSWe5U7qCy4jprnGqrDEVrq4bK5669ShFSjRPzM1PuEFSr11f fWrGhHz7WtG3Qp3gEBeQFH53jR5Rn8UGbdo2bUuSdBEjCrszjKGLJs]	token	nicks=4294296552	token=BvF8w6sh…	units=8193	free
  NOTE	[2tqeQQXSWe5U7qCy4jprnGqrDEVrq4bK5669ShFSjRPzM1PuEFSr11f B7McZM3WXyw7yYNzE1oJ569M9yuRzaEw7xErsH3XKcqBzVoQFpmLjsR]	plain	nicks=4290934528	token=-	units=0	free
  NOTE	[2tqeQQXSWe5U7qCy4jprnGqrDEVrq4bK5669ShFSjRPzM1PuEFSr11f 9ppBKfQEj4qL3dSUnfEUdnoZRCa43jMaqq1XtuzCEUPpdTG4F3NRkXM]	plain	nicks=4290934528	token=-	units=0	free
  NOTE	[2tqeQQXSWe5U7qCy4jprnGqrDEVrq4bK5669ShFSjRPzM1PuEFSr11f 2AQzypNxLHtZs1s2a6GYcii6iBrMKxf45WhvZYXVJpo5NQZBJUF3gnL]	token	nicks=4294296552	token=BvF8w6sh…	units=5880	free
  NOTE	[2tqeQQXSWe5U7qCy4jprnGqrDEVrq4bK5669ShFSjRPzM1PuEFSr11f 5pCaGGyhXiVVJ7x9sW6DDFy4ZFmsd8QqUv9UUg236NikBP1snyVZyyx]	token	nicks=4207408048	token=26EG9u2V…	units=867300	free
  NOTE	[2tqeQQXSWe5U7qCy4jprnGqrDEVrq4bK5669ShFSjRPzM1PuEFSr11f 3KfspPTqA5v1RRft1uVJgank1aaum7sNuYcsNsW6URGtrjadEMz2gEo]	token	nicks=4294296552	token=26EG9u2V…	units=894	free
  NOTE	[2tqeQQXSWe5U7qCy4jprnGqrDEVrq4bK5669ShFSjRPzM1PuEFSr11f 72EwUvDA5C5itN2Q4KsuX1RkVD7Stvz5jfitumXy6inU9vGrnV3B12F]	token	nicks=4286797008	token=BvF8w6sh…	units=899400	free
  NOTE	[2tqeQQXSWe5U7qCy4jprnGqrDEVrq4bK5669ShFSjRPzM1PuEFSr11f 4vW1yKVGzSPXhPPUZ4Ezb6UsQrWzzp8jVebJPupQLehH3GiNsAjtAso]	plain	nicks=4290934528	token=-	units=0	free
  NOTE	[2tqeQQXSWe5U7qCy4jprnGqrDEVrq4bK5669ShFSjRPzM1PuEFSr11f BqQJFnjHgJHxoPdNNnVx3Ftro4P2dxvaNxxA89Qx7PdJKoVQLkaNc2C]	plain	nicks=4292950912	token=-	units=0	free
  NOTE	[2tqeQQXSWe5U7qCy4jprnGqrDEVrq4bK5669ShFSjRPzM1PuEFSr11f 9fzeFLcxC5H7FRwtS9vHnD6doxsu7Nb8T5hQcisSMifBsgphPb6Mcfe]	plain	nicks=4290934528	token=-	units=0	free
  NOTE	[2tqeQQXSWe5U7qCy4jprnGqrDEVrq4bK5669ShFSjRPzM1PuEFSr11f AMgwz6hHEcpj8wzxcBCQJPC2Ee5in5MKtjcw91a9grq9V3RdFpWtAWK]	plain	nicks=4290950912	token=-	units=0	free
PLAN	p8-fund-erin-3-r3	pay	inputs=['2tqeQQXSWe5U7qCy4jprnGqrDEVrq4bK5669ShFSjRPzM1PuEFSr11f AFGERjQqVqvCK3Zzdb17rGmzfXZTrFmCCspUF58d7jNBR8moqiL7Yxo']	required_plain=2016384	plain_change=4290934528	token_change=0	backing=0	backing_spent=0	fee_per_note=16384
  (rebuilding alice's wallet arena (534 MB))
  (rebuilding alice's wallet arena (537 MB))
BUILT	p8-fund-erin-3-r3	txid=6WNxUUB5jkGDTXuqAMUnwB5gnK4M3ecvjqSXbKdguaKfCd5vTupbAfu	file=/home/user/nmeme-run/wallets/alice/requests/p8-fund-erin-3-r3/final.jam
SENT	p8-fund-erin-3-r3	txid=6WNxUUB5jkGDTXuqAMUnwB5gnK4M3ecvjqSXbKdguaKfCd5vTupbAfu	at_height=2773	reserved=['2tqeQQXSWe5U7qCy4jprnGqrDEVrq4bK5669ShFSjRPzM1PuEFSr11f AFGERjQqVqvCK3Zzdb17rGmzfXZTrFmCCspUF58d7jNBR8moqiL7Yxo']
MINED	p8-fund-erin-3-r3	txid=6WNxUUB5jkGDTXuqAMUnwB5gnK4M3ecvjqSXbKdguaKfCd5vTupbAfu	height=2795	block=9AzqAo4vvAWMDj4K7kdPa1qQVJsyzzXHM9vN496wdjzcirTfnv1bKap	canonical=yes	released=['2tqeQQXSWe5U7qCy4jprnGqrDEVrq4bK5669ShFSjRPzM1PuEFSr11f AFGERjQqVqvCK3Zzdb17rGmzfXZTrFmCCspUF58d7jNBR8moqiL7Yxo']
RESULT	p8-fund-erin-3-r3	pay	mined	txid=6WNxUUB5jkGDTXuqAMUnwB5gnK4M3ecvjqSXbKdguaKfCd5vTupbAfu	height=2795	block=9AzqAo4vvAWMDj4K7kdPa1qQVJsyzzXHM9vN496wdjzcirTfnv1bKap	
DELTA	p8-fund-erin-3-r3	nock_total: 85754185928 -> 85752169544	nock_available: 60082793664 -> 60080777280	nock_attached: 25671392264 -> 25671392264	tokens: BvF8w6sh…: 913573 -> 913573 26EG9u2V…: 869088 -> 869088
BALANCES	alice	height=2826	nock_total=85752169544	nock_available=60080777280	nock_pending=0	nock_attached=25671392264	nock_attached_pending=0	nock_unknown=0	tokens=BvF8w6sh…:total=913573/available=913573/reserved=0/notes=4 26EG9u2V…:total=869088/available=869088/reserved=0/notes=3	open_requests=0
  NOTE	[2tqeQQXSWe5U7qCy4jprnGqrDEVrq4bK5669ShFSjRPzM1PuEFSr11f 2aWAEx46tA2f8F5UKrCo25LpQ9QPyXmBPXSyorzawgbQYXEWdQfdnux]	plain	nicks=4291623808	token=-	units=0	free
  NOTE	[2tqeQQXSWe5U7qCy4jprnGqrDEVrq4bK5669ShFSjRPzM1PuEFSr11f 6gWmbjNeKABBvgmZjgj7Xas5qmAeS2nABQNqFJ8UA5VXyp144Dca88t]	plain	nicks=1000	token=-	units=0	free
  NOTE	[2tqeQQXSWe5U7qCy4jprnGqrDEVrq4bK5669ShFSjRPzM1PuEFSr11f 3jGU5GB7zDh6iprmGfdmvB9BuNybuAsCTwrJJdomKodaqbXSegk33i2]	token	nicks=1000	token=BvF8w6sh…	units=100	free
  NOTE	[2tqeQQXSWe5U7qCy4jprnGqrDEVrq4bK5669ShFSjRPzM1PuEFSr11f BzB41g3H3RcQzkudXsHCt7P4byyLpbuPUKNAWPCwZuJF3XkzoRK2uis]	plain	nicks=4290934528	token=-	units=0	free
  NOTE	[2tqeQQXSWe5U7qCy4jprnGqrDEVrq4bK5669ShFSjRPzM1PuEFSr11f 9Eem6B6g5CCCbWajCTh3aLEY3ithmeqeo8EsB5wsELy7oJfS3sM4jiN]	plain	nicks=4290934528	token=-	units=0	free
  NOTE	[2tqeQQXSWe5U7qCy4jprnGqrDEVrq4bK5669ShFSjRPzM1PuEFSr11f hdxN1RY63sqLq5F3QiM8FaFRS75aSQxpdgPp1MXN2RQrjzFAAGVNxN]	plain	nicks=4292834528	token=-	units=0	free
  NOTE	[2tqeQQXSWe5U7qCy4jprnGqrDEVrq4bK5669ShFSjRPzM1PuEFSr11f 2egZeBaYUrqsuTWViNYnC7h4bhgprQGtzLWBYjCz5LWHAWWBUJfxpWE]	plain	nicks=4290934528	token=-	units=0	free
  NOTE	[2tqeQQXSWe5U7qCy4jprnGqrDEVrq4bK5669ShFSjRPzM1PuEFSr11f 3nKghbnmUhKgWqBJveVZBFndjx3FFPsNxfb8s3NPNVcn3xPAhLg2JRX]	plain	nicks=4291623808	token=-	units=0	free
  NOTE	[2tqeQQXSWe5U7qCy4jprnGqrDEVrq4bK5669ShFSjRPzM1PuEFSr11f 5oXogxcBYqAv5fJEUVt3AhAuR5B6g3xc7RgE352qE2QusLSiQ1tEtu4]	plain	nicks=4292623808	token=-	units=0	free
  NOTE	[2tqeQQXSWe5U7qCy4jprnGqrDEVrq4bK5669ShFSjRPzM1PuEFSr11f 65twh2GpL9gbM7dUadZG3PxdSGJu9KGF3gCc3LmjGjnD3JhxNBFTFWi]	plain	nicks=4291623808	token=-	units=0	free
  NOTE	[2tqeQQXSWe5U7qCy4jprnGqrDEVrq4bK5669ShFSjRPzM1PuEFSr11f 52YnPZRXuG8uR1JYmzkCPHB4bz31YN2VnLynQvW8R9UqsQSTkrFju3n]	token	nicks=4294296552	token=26EG9u2V…	units=894	free
  NOTE	[2tqeQQXSWe5U7qCy4jprnGqrDEVrq4bK5669ShFSjRPzM1PuEFSr11f 6GmteLFS9FcwzU3BShWqPjDyGA1f9KYEsZg9D8S1NLpPW5h4pqpNCDq]	plain	nicks=1000	token=-	units=0	free
  NOTE	[2tqeQQXSWe5U7qCy4jprnGqrDEVrq4bK5669ShFSjRPzM1PuEFSr11f FqgfSo7dvquvaTK4o267G2zsNHHjccAeY91QrYCUcCcXXMMnFvYoYW]	plain	nicks=1000	token=-	units=0	free
  NOTE	[2tqeQQXSWe5U7qCy4jprnGqrDEVrq4bK5669ShFSjRPzM1PuEFSr11f 2aah97ktrDv3kXktP2PvdyuomWV4XCLmpKbk5bKzT2z2gSjo5SHt2a7]	plain	nicks=1000	token=-	units=0	free
  NOTE	[2tqeQQXSWe5U7qCy4jprnGqrDEVrq4bK5669ShFSjRPzM1PuEFSr11f fWrGhHz7WtG3Qp3gEBeQFH53jR5Rn8UGbdo2bUuSdBEjCrszjKGLJs]	token	nicks=4294296552	token=BvF8w6sh…	units=8193	free
  NOTE	[2tqeQQXSWe5U7qCy4jprnGqrDEVrq4bK5669ShFSjRPzM1PuEFSr11f B7McZM3WXyw7yYNzE1oJ569M9yuRzaEw7xErsH3XKcqBzVoQFpmLjsR]	plain	nicks=4290934528	token=-	units=0	free
  NOTE	[2tqeQQXSWe5U7qCy4jprnGqrDEVrq4bK5669ShFSjRPzM1PuEFSr11f 9ppBKfQEj4qL3dSUnfEUdnoZRCa43jMaqq1XtuzCEUPpdTG4F3NRkXM]	plain	nicks=4290934528	token=-	units=0	free
  NOTE	[2tqeQQXSWe5U7qCy4jprnGqrDEVrq4bK5669ShFSjRPzM1PuEFSr11f 2AQzypNxLHtZs1s2a6GYcii6iBrMKxf45WhvZYXVJpo5NQZBJUF3gnL]	token	nicks=4294296552	token=BvF8w6sh…	units=5880	free
  NOTE	[2tqeQQXSWe5U7qCy4jprnGqrDEVrq4bK5669ShFSjRPzM1PuEFSr11f 5pCaGGyhXiVVJ7x9sW6DDFy4ZFmsd8QqUv9UUg236NikBP1snyVZyyx]	token	nicks=4207408048	token=26EG9u2V…	units=867300	free
  NOTE	[2tqeQQXSWe5U7qCy4jprnGqrDEVrq4bK5669ShFSjRPzM1PuEFSr11f 3KfspPTqA5v1RRft1uVJgank1aaum7sNuYcsNsW6URGtrjadEMz2gEo]	token	nicks=4294296552	token=26EG9u2V…	units=894	free
  NOTE	[2tqeQQXSWe5U7qCy4jprnGqrDEVrq4bK5669ShFSjRPzM1PuEFSr11f 72EwUvDA5C5itN2Q4KsuX1RkVD7Stvz5jfitumXy6inU9vGrnV3B12F]	token	nicks=4286797008	token=BvF8w6sh…	units=899400	free
  NOTE	[2tqeQQXSWe5U7qCy4jprnGqrDEVrq4bK5669ShFSjRPzM1PuEFSr11f 4vW1yKVGzSPXhPPUZ4Ezb6UsQrWzzp8jVebJPupQLehH3GiNsAjtAso]	plain	nicks=4290934528	token=-	units=0	free
  NOTE	[2tqeQQXSWe5U7qCy4jprnGqrDEVrq4bK5669ShFSjRPzM1PuEFSr11f BqQJFnjHgJHxoPdNNnVx3Ftro4P2dxvaNxxA89Qx7PdJKoVQLkaNc2C]	plain	nicks=4292950912	token=-	units=0	free
  NOTE	[2tqeQQXSWe5U7qCy4jprnGqrDEVrq4bK5669ShFSjRPzM1PuEFSr11f 9fzeFLcxC5H7FRwtS9vHnD6doxsu7Nb8T5hQcisSMifBsgphPb6Mcfe]	plain	nicks=4290934528	token=-	units=0	free
  NOTE	[2tqeQQXSWe5U7qCy4jprnGqrDEVrq4bK5669ShFSjRPzM1PuEFSr11f AMgwz6hHEcpj8wzxcBCQJPC2Ee5in5MKtjcw91a9grq9V3RdFpWtAWK]	plain	nicks=4290950912	token=-	units=0	free
BALANCES	erin	height=2826	nock_total=7943858	nock_available=4000000	nock_pending=0	nock_attached=3943858	nock_attached_pending=0	nock_unknown=0	tokens=BvF8w6sh…:total=4566/available=4566/reserved=0/notes=3	open_requests=0
  NOTE	[4Mywpeg4KZU3f1ZeFVvpuX3grqJ921WMtKzcUtUCkMHgRvamXZgrKGa 56fREGYJF6rjWThdXKLd8rckiKZzyDXzrsCDqYoEpTd1XnnoPprYby8]	plain	nicks=2000000	token=-	units=0	free
  NOTE	[4Mywpeg4KZU3f1ZeFVvpuX3grqJ921WMtKzcUtUCkMHgRvamXZgrKGa 4ytGKKmookD1CiJSgY5nUgWnV9WGsoqL6VxvAk83WFDmukbAgPmsvAY]	plain	nicks=2000000	token=-	units=0	free
SIMQ	A rc=0	B rc=0
FLOOR	p8-simq-A-r3	quote_now out=1353 tokens	slippage=1000 bps	min_out=1218
PLAN	p8-simq-A-r3	buy	inputs=['4Mywpeg4KZU3f1ZeFVvpuX3grqJ921WMtKzcUtUCkMHgRvamXZgrKGa 4ytGKKmookD1CiJSgY5nUgWnV9WGsoqL6VxvAk83WFDmukbAgPmsvAY']	required_plain=671744	plain_change=1328256	token_change=0	backing=0	backing_spent=0	fee_per_note=16384
QUEUE	pool=33JT9yFiVW…	previous trade p8-simq-B-r2 (93nf7zNtBd…) is mined: the pool is free
BUILT	p8-simq-A-r3	txid=7EkQ6rSsz7ydACisBNctEj9QwRVvQTX1Wy3zsptjf1zQtXJ9Dqec9sf	file=/home/user/nmeme-run/wallets/erin/requests/p8-simq-A-r3/final.jam
SENT	p8-simq-A-r3	txid=7EkQ6rSsz7ydACisBNctEj9QwRVvQTX1Wy3zsptjf1zQtXJ9Dqec9sf	at_height=2825	reserved=['4Mywpeg4KZU3f1ZeFVvpuX3grqJ921WMtKzcUtUCkMHgRvamXZgrKGa 4ytGKKmookD1CiJSgY5nUgWnV9WGsoqL6VxvAk83WFDmukbAgPmsvAY']
MINED	p8-simq-A-r3	txid=7EkQ6rSsz7ydACisBNctEj9QwRVvQTX1Wy3zsptjf1zQtXJ9Dqec9sf	height=2849	block=2x2TZFAood3Fdt8ebGHR3Y52BVLs3iEfVQR8ESmbWwGW5tdR8vkYFBW	canonical=yes	released=['4Mywpeg4KZU3f1ZeFVvpuX3grqJ921WMtKzcUtUCkMHgRvamXZgrKGa 4ytGKKmookD1CiJSgY5nUgWnV9WGsoqL6VxvAk83WFDmukbAgPmsvAY']
RESULT	p8-simq-A-r3	buy	mined	txid=7EkQ6rSsz7ydACisBNctEj9QwRVvQTX1Wy3zsptjf1zQtXJ9Dqec9sf	height=2849	block=2x2TZFAood3Fdt8ebGHR3Y52BVLs3iEfVQR8ESmbWwGW5tdR8vkYFBW	in=655360	out_net=1353	pool_fee=6510	lore_fee=3281	nock_fees=9791	token_fees=0	network_fee=16384	spot_e9=459441833569	exec_e9=484375461936	impact_bps=542
FLOOR	p8-simq-B-r3	quote_now out=1353 tokens	slippage=1000 bps	min_out=1218
PLAN	p8-simq-B-r3	buy	inputs=['4Mywpeg4KZU3f1ZeFVvpuX3grqJ921WMtKzcUtUCkMHgRvamXZgrKGa 56fREGYJF6rjWThdXKLd8rckiKZzyDXzrsCDqYoEpTd1XnnoPprYby8']	required_plain=671744	plain_change=1328256	token_change=0	backing=0	backing_spent=0	fee_per_note=16384
QUEUE	pool=33JT9yFiVW…	waited 50s for the pool's turn
QUEUE	pool=33JT9yFiVW…	waiting for p8-simq-A-r3 (7EkQ6rSsz7…) to leave the mempool
QUEUE	pool=33JT9yFiVW…	waiting for p8-simq-A-r3 (7EkQ6rSsz7…) to leave the mempool
QUEUE	pool=33JT9yFiVW…	waiting for p8-simq-A-r3 (7EkQ6rSsz7…) to leave the mempool
QUEUE	pool=33JT9yFiVW…	waiting for p8-simq-A-r3 (7EkQ6rSsz7…) to leave the mempool
QUEUE	pool=33JT9yFiVW…	waiting for p8-simq-A-r3 (7EkQ6rSsz7…) to leave the mempool
QUEUE	pool=33JT9yFiVW…	waiting for p8-simq-A-r3 (7EkQ6rSsz7…) to leave the mempool
QUEUE	pool=33JT9yFiVW…	waiting for p8-simq-A-r3 (7EkQ6rSsz7…) to leave the mempool
QUEUE	pool=33JT9yFiVW…	previous trade p8-simq-A-r3 (7EkQ6rSsz7…) is mined: the pool is free
BUILT	p8-simq-B-r3	txid=91zS5RhZRyYMDuqsFJm2eos6n6pPojYoykyjYPaVPUZNpbXSs22h3bs	file=/home/user/nmeme-run/wallets/erin/requests/p8-simq-B-r3/final.jam
SENT	p8-simq-B-r3	txid=91zS5RhZRyYMDuqsFJm2eos6n6pPojYoykyjYPaVPUZNpbXSs22h3bs	at_height=2875	reserved=['4Mywpeg4KZU3f1ZeFVvpuX3grqJ921WMtKzcUtUCkMHgRvamXZgrKGa 56fREGYJF6rjWThdXKLd8rckiKZzyDXzrsCDqYoEpTd1XnnoPprYby8']
MINED	p8-simq-B-r3	txid=91zS5RhZRyYMDuqsFJm2eos6n6pPojYoykyjYPaVPUZNpbXSs22h3bs	height=2900	block=AiUdENppayRaDRjso5PNZGE344cE5QDimjQTMf1VCNqqcyZkkn7rw2K	canonical=yes	released=['4Mywpeg4KZU3f1ZeFVvpuX3grqJ921WMtKzcUtUCkMHgRvamXZgrKGa 56fREGYJF6rjWThdXKLd8rckiKZzyDXzrsCDqYoEpTd1XnnoPprYby8']
RESULT	p8-simq-B-r3	buy	mined	txid=91zS5RhZRyYMDuqsFJm2eos6n6pPojYoykyjYPaVPUZNpbXSs22h3bs	height=2900	block=AiUdENppayRaDRjso5PNZGE344cE5QDimjQTMf1VCNqqcyZkkn7rw2K	in=655360	out_net=1259	pool_fee=6510	lore_fee=3281	nock_fees=9791	token_fees=0	network_fee=16384	spot_e9=494127026953	exec_e9=520540111199	impact_bps=534
BALANCES	erin	height=2929	nock_total=6602370	nock_available=0	nock_pending=0	nock_attached=6602370	nock_attached_pending=0	nock_unknown=0	tokens=BvF8w6sh…:total=7178/available=7178/reserved=0/notes=5	open_requests=0

== P8-7b. a floor the pool cannot meet: refused before the build, nothing reserved afterwards ==
PLAN	p8-floor-r3	buy	inputs=['4Mywpeg4KZU3f1ZeFVvpuX3grqJ921WMtKzcUtUCkMHgRvamXZgrKGa 7F3bjg1cr3GP3K9cmofZUaUpsNbs56n3cc7ixjG9FEFP3zFynaFB8UN']	required_plain=0	plain_change=0	token_change=1259	backing=1329256	backing_spent=671744	fee_per_note=16384
QUEUE	pool=33JT9yFiVW…	previous trade p8-simq-B-r3 (91zS5RhZRy…) is mined: the pool is free
  (rebuilding erin's wallet arena (532 MB))
  (rebuilding erin's wallet arena (532 MB))
ABORTED	p8-floor-r3	quote delivers 1175 tokens, below the request's floor 999999999
ERROR	buy	erin	quote delivers 1175 tokens, below the request's floor 999999999
BALANCES	erin	height=2943	nock_total=6602370	nock_available=0	nock_pending=0	nock_attached=6602370	nock_attached_pending=0	nock_unknown=0	tokens=BvF8w6sh…:total=7178/available=7178/reserved=0/notes=5	open_requests=0
BALANCES	erin	height=2944	nock_total=6602370	nock_available=0	nock_pending=0	nock_attached=6602370	nock_attached_pending=0	nock_unknown=0	tokens=BvF8w6sh…:total=7178/available=7178/reserved=0/notes=5	open_requests=0
  NOTE	[4Mywpeg4KZU3f1ZeFVvpuX3grqJ921WMtKzcUtUCkMHgRvamXZgrKGa 3merPhSPHgMcgvYXyNp1UqJ58pdGybDN1DjHAy4oPvWRmrGbcyLRdCo]	token	nicks=1285346	token=BvF8w6sh…	units=1536	free
  NOTE	[4Mywpeg4KZU3f1ZeFVvpuX3grqJ921WMtKzcUtUCkMHgRvamXZgrKGa BSXcitPYSW213MGFLoQFVVqqTWYtou87N3qsA7admv2hnJ9M8YBrYVo]	token	nicks=1329256	token=BvF8w6sh…	units=1353	free
  NOTE	[4Mywpeg4KZU3f1ZeFVvpuX3grqJ921WMtKzcUtUCkMHgRvamXZgrKGa BCXRCUgeyC3tLecqVR3gTd2YKnhkqhGUkAhVut7QgNgMayPYJs7NVcv]	token	nicks=1329256	token=BvF8w6sh…	units=1457	free
  NOTE	[4Mywpeg4KZU3f1ZeFVvpuX3grqJ921WMtKzcUtUCkMHgRvamXZgrKGa ALEZkknnqvJf43aHtt1iYosz5tTqLmWuufP7AYFrWtkeENDuezBSHU9]	token	nicks=1329256	token=BvF8w6sh…	units=1573	free
  NOTE	[4Mywpeg4KZU3f1ZeFVvpuX3grqJ921WMtKzcUtUCkMHgRvamXZgrKGa 7F3bjg1cr3GP3K9cmofZUaUpsNbs56n3cc7ixjG9FEFP3zFynaFB8UN]	token	nicks=1329256	token=BvF8w6sh…	units=1259	free
REQUEST	p8-buy-erin-1	buy	mined	txid=8BPxkVdfeeZNWmKF2cLpgYB6reHr8jpGACWiyohEJRsUVAwrKKCRs7z	sent_height=2274	mined_height=2287	block=7jgF8o8D9BWiN9QZUn2HhfdPPMmEXvuJmK1Nb8pgX2xuK3DVDBfyT3P	attempts=1	inputs=['4Mywpeg4KZU3f1ZeFVvpuX3grqJ921WMtKzcUtUCkMHgRvamXZgrKGa 3Yn5zrhtxGkUe4rCHdz2ruH49Y3Uvk3X3h8mJ5FMP4ogtLjXshqU3tn']
REQUEST	p8-buy-erin-2	buy	mined	txid=6j1MTXLgFjqB3skt4o6ciJXFMfEtf4wqb7BRhaGH2M3C9mzg5WZN2HL	sent_height=2327	mined_height=2345	block=DQ7vnqC6MBaQWPxapEd6PVXBM9MR4GcenLwJANeyUuNEKmtHFUSZM4h	attempts=1	inputs=['4Mywpeg4KZU3f1ZeFVvpuX3grqJ921WMtKzcUtUCkMHgRvamXZgrKGa PamDiiPQLVPEx2CNd9RuEXKzSpTdGC5R5vLRCxtFzNQBQRAoQLq2m3']
REQUEST	p8-sell-erin-1	sell	mined	txid=3MuYZ4NU76g2DffG4XxNeDefVYeav8u2fY2MqmRiYCwrrcB5smyxi1F	sent_height=2382	mined_height=2398	block=C1XcfVVEDYx4qCNv8aVgC1nVEPY6NfTtPvMSmwJ1WS8KPeEWvXAEjPa	attempts=1	inputs=['4Mywpeg4KZU3f1ZeFVvpuX3grqJ921WMtKzcUtUCkMHgRvamXZgrKGa 8Qbj87eRCXMNrgvzsgTb5mtsnYfFAHCpbDth7BF45NaeYQTyK7buJif']
REQUEST	p8-xfer-erin-1	transfer	mined	txid=CoBirpFo3JcFwACAnirAsKZRAN5zUoCTbDaxAYQ8RnyfqS3aoh3WbsK	sent_height=2433	mined_height=2451	block=63TtZeRD9EAGUGzuv8FCcesNzL6rM9cAr7EbhUi6kFcp9pov8gcgsof	attempts=1	inputs=['4Mywpeg4KZU3f1ZeFVvpuX3grqJ921WMtKzcUtUCkMHgRvamXZgrKGa DBxtgPX9PKS3bWPXwVjCGQ74BSW66NFxcxAD9Nsedi6dKrw8nWnd7gA']
REQUEST	p8-simq-B-r2	buy	mined	txid=93nf7zNtBdpXFVv4BPLD4b7JXAvVxmn7arYYkh7pbxHy8aKMNxRbiRe	sent_height=2567	mined_height=2583	block=BdjgcSZY6Sg485c1gMSJBXQz6SmUGC8WF7NCpEkWN9QbnHv2n533CkJ	attempts=1	inputs=['4Mywpeg4KZU3f1ZeFVvpuX3grqJ921WMtKzcUtUCkMHgRvamXZgrKGa 54oXFgtPXXtPtca3aRJjNcVAdvTzVi9NkuVyQvisyqhymtdwLGA1Axy']
REQUEST	p8-simq-A-r2	buy	aborted	txid=	sent_height=-1	mined_height=-1	block=	attempts=0	inputs=['4Mywpeg4KZU3f1ZeFVvpuX3grqJ921WMtKzcUtUCkMHgRvamXZgrKGa 9n83mngyghpomVnCuwaHNNuh32EX3GqwRVbQr1CKmLEmDXU45TTJWoP']
REQUEST	p8-floor-r2	buy	aborted	txid=	sent_height=-1	mined_height=-1	block=	attempts=0	inputs=['4Mywpeg4KZU3f1ZeFVvpuX3grqJ921WMtKzcUtUCkMHgRvamXZgrKGa 9n83mngyghpomVnCuwaHNNuh32EX3GqwRVbQr1CKmLEmDXU45TTJWoP']
REQUEST	p8-crash-broadcast-r2	buy	mined	txid=86ezaE2b4fQ3FGxuChmXFEgMPjbNWL442XkXHTyuq6JhYQRsoT2nE3w	sent_height=2669	mined_height=2672	block=4AEoAh5ode3TUWrY7UZrkKa96QXwShtCiG6o8bGFH8MbvrMfVN25ccC	attempts=0	inputs=['4Mywpeg4KZU3f1ZeFVvpuX3grqJ921WMtKzcUtUCkMHgRvamXZgrKGa 9n83mngyghpomVnCuwaHNNuh32EX3GqwRVbQr1CKmLEmDXU45TTJWoP']
REQUEST	p8-simq-A-r3	buy	mined	txid=7EkQ6rSsz7ydACisBNctEj9QwRVvQTX1Wy3zsptjf1zQtXJ9Dqec9sf	sent_height=2825	mined_height=2849	block=2x2TZFAood3Fdt8ebGHR3Y52BVLs3iEfVQR8ESmbWwGW5tdR8vkYFBW	attempts=1	inputs=['4Mywpeg4KZU3f1ZeFVvpuX3grqJ921WMtKzcUtUCkMHgRvamXZgrKGa 4ytGKKmookD1CiJSgY5nUgWnV9WGsoqL6VxvAk83WFDmukbAgPmsvAY']
REQUEST	p8-simq-B-r3	buy	mined	txid=91zS5RhZRyYMDuqsFJm2eos6n6pPojYoykyjYPaVPUZNpbXSs22h3bs	sent_height=2875	mined_height=2900	block=AiUdENppayRaDRjso5PNZGE344cE5QDimjQTMf1VCNqqcyZkkn7rw2K	attempts=1	inputs=['4Mywpeg4KZU3f1ZeFVvpuX3grqJ921WMtKzcUtUCkMHgRvamXZgrKGa 56fREGYJF6rjWThdXKLd8rckiKZzyDXzrsCDqYoEpTd1XnnoPprYby8']
REQUEST	p8-floor-r3	buy	aborted	txid=	sent_height=-1	mined_height=-1	block=	attempts=0	inputs=['4Mywpeg4KZU3f1ZeFVvpuX3grqJ921WMtKzcUtUCkMHgRvamXZgrKGa 7F3bjg1cr3GP3K9cmofZUaUpsNbs56n3cc7ixjG9FEFP3zFynaFB8UN']
#### backend demo complete
