
== 0. the pool and the funder ==
BALANCES	alice	height=2220	nock_total=85762251464	nock_available=60090859200	nock_pending=0	nock_attached=25671392264	nock_attached_pending=0	nock_unknown=0	tokens=BvF8w6sh…:total=913573/available=913573/reserved=0/notes=4 26EG9u2V…:total=869088/available=869088/reserved=0/notes=3	open_requests=0
BALANCES	bob	height=2220	nock_total=9583627	nock_available=5235442	nock_pending=0	nock_attached=4348185	nock_attached_pending=0	nock_unknown=0	tokens=BvF8w6sh…:total=12070/available=12070/reserved=0/notes=9 26EG9u2V…:total=597/available=597/reserved=0/notes=6 6G9bZSkG…:total=9223372036854775807/available=9223372036854775807/reserved=0/notes=1	open_requests=0
BOB	address=7tk6CeaZC3UvTXrAthf7HpJtS9kiijfEfaebVbHEZHXqJ6sDHFj1kCz

== P8-1. a completely fresh wallet: erin (zero NOCK, zero tokens) ==
WALLET	erin	address=3VzUr11ZEXh6q3tgCG5qj5pAVuyah7peg6r9z8e6pRnT7fqgKVn881p	lock=2d99i9AfVAbaMNtzxDfeYqiYXiToAN37L4KxzBvKxpNuvjdLBfmvAd5	keys=/home/user/nmeme-run/keys/erin.export
BALANCES	erin	height=2233	nock_total=0	nock_available=0	nock_pending=0	nock_attached=0	nock_attached_pending=0	nock_unknown=0	tokens=-	open_requests=0
ADDRESS	erin	3VzUr11ZEXh6q3tgCG5qj5pAVuyah7peg6r9z8e6pRnT7fqgKVn881p

== P8-2. funding: alice pays erin 2000000 nicks ==
PLAN	p8-fund-erin-1	pay	inputs=['2tqeQQXSWe5U7qCy4jprnGqrDEVrq4bK5669ShFSjRPzM1PuEFSr11f 66LZCVQXsF4h96U65E2CxqHqZ9VzraDmvxbo5dTT9rGHzjwPvCim6Q1']	required_plain=2016384	plain_change=4290934528	token_change=0	backing=0	backing_spent=0	fee_per_note=16384
  (rebuilding alice's wallet arena (720 MB))
BUILT	p8-fund-erin-1	txid=4jMfD7GWsJkzn6rykvQ8bupnFfcMonQ5YAyFHboTCwDfXgxZNjXG8tM	file=/home/user/nmeme-run/wallets/alice/requests/p8-fund-erin-1/final.jam
SENT	p8-fund-erin-1	txid=4jMfD7GWsJkzn6rykvQ8bupnFfcMonQ5YAyFHboTCwDfXgxZNjXG8tM	at_height=2225	reserved=['2tqeQQXSWe5U7qCy4jprnGqrDEVrq4bK5669ShFSjRPzM1PuEFSr11f 66LZCVQXsF4h96U65E2CxqHqZ9VzraDmvxbo5dTT9rGHzjwPvCim6Q1']
MINED	p8-fund-erin-1	txid=4jMfD7GWsJkzn6rykvQ8bupnFfcMonQ5YAyFHboTCwDfXgxZNjXG8tM	height=2249	block=4H6abt4RsYqHt9rFYcub849mzAJe7cH2ZzM3Xg54kggrQXTHiWAw4eq	canonical=yes	released=['2tqeQQXSWe5U7qCy4jprnGqrDEVrq4bK5669ShFSjRPzM1PuEFSr11f 66LZCVQXsF4h96U65E2CxqHqZ9VzraDmvxbo5dTT9rGHzjwPvCim6Q1']
RESULT	p8-fund-erin-1	pay	mined	txid=4jMfD7GWsJkzn6rykvQ8bupnFfcMonQ5YAyFHboTCwDfXgxZNjXG8tM	height=2249	block=4H6abt4RsYqHt9rFYcub849mzAJe7cH2ZzM3Xg54kggrQXTHiWAw4eq	
DELTA	p8-fund-erin-1	nock_total: 85762251464 -> 85760235080	nock_available: 60090859200 -> 60088842816	nock_attached: 25671392264 -> 25671392264	tokens: BvF8w6sh…: 913573 -> 913573 26EG9u2V…: 869088 -> 869088
BALANCES	alice	height=2275	nock_total=85760235080	nock_available=60088842816	nock_pending=0	nock_attached=25671392264	nock_attached_pending=0	nock_unknown=0	tokens=BvF8w6sh…:total=913573/available=913573/reserved=0/notes=4 26EG9u2V…:total=869088/available=869088/reserved=0/notes=3	open_requests=0
  NOTE	[2tqeQQXSWe5U7qCy4jprnGqrDEVrq4bK5669ShFSjRPzM1PuEFSr11f AFGERjQqVqvCK3Zzdb17rGmzfXZTrFmCCspUF58d7jNBR8moqiL7Yxo]	plain	nicks=4292950912	token=-	units=0	free
  NOTE	[2tqeQQXSWe5U7qCy4jprnGqrDEVrq4bK5669ShFSjRPzM1PuEFSr11f 2aWAEx46tA2f8F5UKrCo25LpQ9QPyXmBPXSyorzawgbQYXEWdQfdnux]	plain	nicks=4291623808	token=-	units=0	free
  NOTE	[2tqeQQXSWe5U7qCy4jprnGqrDEVrq4bK5669ShFSjRPzM1PuEFSr11f 6gWmbjNeKABBvgmZjgj7Xas5qmAeS2nABQNqFJ8UA5VXyp144Dca88t]	plain	nicks=1000	token=-	units=0	free
  NOTE	[2tqeQQXSWe5U7qCy4jprnGqrDEVrq4bK5669ShFSjRPzM1PuEFSr11f 3jGU5GB7zDh6iprmGfdmvB9BuNybuAsCTwrJJdomKodaqbXSegk33i2]	token	nicks=1000	token=BvF8w6sh…	units=100	free
  NOTE	[2tqeQQXSWe5U7qCy4jprnGqrDEVrq4bK5669ShFSjRPzM1PuEFSr11f hdxN1RY63sqLq5F3QiM8FaFRS75aSQxpdgPp1MXN2RQrjzFAAGVNxN]	plain	nicks=4292834528	token=-	units=0	free
  NOTE	[2tqeQQXSWe5U7qCy4jprnGqrDEVrq4bK5669ShFSjRPzM1PuEFSr11f 3nKghbnmUhKgWqBJveVZBFndjx3FFPsNxfb8s3NPNVcn3xPAhLg2JRX]	plain	nicks=4291623808	token=-	units=0	free
  NOTE	[2tqeQQXSWe5U7qCy4jprnGqrDEVrq4bK5669ShFSjRPzM1PuEFSr11f 5oXogxcBYqAv5fJEUVt3AhAuR5B6g3xc7RgE352qE2QusLSiQ1tEtu4]	plain	nicks=4292623808	token=-	units=0	free
  NOTE	[2tqeQQXSWe5U7qCy4jprnGqrDEVrq4bK5669ShFSjRPzM1PuEFSr11f 65twh2GpL9gbM7dUadZG3PxdSGJu9KGF3gCc3LmjGjnD3JhxNBFTFWi]	plain	nicks=4291623808	token=-	units=0	free
  NOTE	[2tqeQQXSWe5U7qCy4jprnGqrDEVrq4bK5669ShFSjRPzM1PuEFSr11f 52YnPZRXuG8uR1JYmzkCPHB4bz31YN2VnLynQvW8R9UqsQSTkrFju3n]	token	nicks=4294296552	token=26EG9u2V…	units=894	free
  NOTE	[2tqeQQXSWe5U7qCy4jprnGqrDEVrq4bK5669ShFSjRPzM1PuEFSr11f 6GmteLFS9FcwzU3BShWqPjDyGA1f9KYEsZg9D8S1NLpPW5h4pqpNCDq]	plain	nicks=1000	token=-	units=0	free
  NOTE	[2tqeQQXSWe5U7qCy4jprnGqrDEVrq4bK5669ShFSjRPzM1PuEFSr11f 7ZbLAkGNGLXkJ7SwJUxgupZuKu9GPFPdX7VrV1FAsb7d2VLRZ5fKYmw]	plain	nicks=4292950912	token=-	units=0	free
  NOTE	[2tqeQQXSWe5U7qCy4jprnGqrDEVrq4bK5669ShFSjRPzM1PuEFSr11f 9mQCzxv8CWuuKhq6GSL2AAbSsmxy1MVn9NRkMp1bBLF8viRR12c17NK]	plain	nicks=4292950912	token=-	units=0	free
  NOTE	[2tqeQQXSWe5U7qCy4jprnGqrDEVrq4bK5669ShFSjRPzM1PuEFSr11f FqgfSo7dvquvaTK4o267G2zsNHHjccAeY91QrYCUcCcXXMMnFvYoYW]	plain	nicks=1000	token=-	units=0	free
  NOTE	[2tqeQQXSWe5U7qCy4jprnGqrDEVrq4bK5669ShFSjRPzM1PuEFSr11f 2aah97ktrDv3kXktP2PvdyuomWV4XCLmpKbk5bKzT2z2gSjo5SHt2a7]	plain	nicks=1000	token=-	units=0	free
  NOTE	[2tqeQQXSWe5U7qCy4jprnGqrDEVrq4bK5669ShFSjRPzM1PuEFSr11f fWrGhHz7WtG3Qp3gEBeQFH53jR5Rn8UGbdo2bUuSdBEjCrszjKGLJs]	token	nicks=4294296552	token=BvF8w6sh…	units=8193	free
  NOTE	[2tqeQQXSWe5U7qCy4jprnGqrDEVrq4bK5669ShFSjRPzM1PuEFSr11f B7McZM3WXyw7yYNzE1oJ569M9yuRzaEw7xErsH3XKcqBzVoQFpmLjsR]	plain	nicks=4290934528	token=-	units=0	free
  NOTE	[2tqeQQXSWe5U7qCy4jprnGqrDEVrq4bK5669ShFSjRPzM1PuEFSr11f 9ppBKfQEj4qL3dSUnfEUdnoZRCa43jMaqq1XtuzCEUPpdTG4F3NRkXM]	plain	nicks=4290934528	token=-	units=0	free
  NOTE	[2tqeQQXSWe5U7qCy4jprnGqrDEVrq4bK5669ShFSjRPzM1PuEFSr11f 8WAXHpKtbuCURcAYm6g3KMcZ5FJiwUEgGG9LhZjMsDWKJDLGzkxoaip]	plain	nicks=4292950912	token=-	units=0	free
  NOTE	[2tqeQQXSWe5U7qCy4jprnGqrDEVrq4bK5669ShFSjRPzM1PuEFSr11f 2AQzypNxLHtZs1s2a6GYcii6iBrMKxf45WhvZYXVJpo5NQZBJUF3gnL]	token	nicks=4294296552	token=BvF8w6sh…	units=5880	free
  NOTE	[2tqeQQXSWe5U7qCy4jprnGqrDEVrq4bK5669ShFSjRPzM1PuEFSr11f 5pCaGGyhXiVVJ7x9sW6DDFy4ZFmsd8QqUv9UUg236NikBP1snyVZyyx]	token	nicks=4207408048	token=26EG9u2V…	units=867300	free
  NOTE	[2tqeQQXSWe5U7qCy4jprnGqrDEVrq4bK5669ShFSjRPzM1PuEFSr11f 3KfspPTqA5v1RRft1uVJgank1aaum7sNuYcsNsW6URGtrjadEMz2gEo]	token	nicks=4294296552	token=26EG9u2V…	units=894	free
  NOTE	[2tqeQQXSWe5U7qCy4jprnGqrDEVrq4bK5669ShFSjRPzM1PuEFSr11f 72EwUvDA5C5itN2Q4KsuX1RkVD7Stvz5jfitumXy6inU9vGrnV3B12F]	token	nicks=4286797008	token=BvF8w6sh…	units=899400	free
  NOTE	[2tqeQQXSWe5U7qCy4jprnGqrDEVrq4bK5669ShFSjRPzM1PuEFSr11f BqQJFnjHgJHxoPdNNnVx3Ftro4P2dxvaNxxA89Qx7PdJKoVQLkaNc2C]	plain	nicks=4292950912	token=-	units=0	free
  NOTE	[2tqeQQXSWe5U7qCy4jprnGqrDEVrq4bK5669ShFSjRPzM1PuEFSr11f 9fzeFLcxC5H7FRwtS9vHnD6doxsu7Nb8T5hQcisSMifBsgphPb6Mcfe]	plain	nicks=4290934528	token=-	units=0	free
  NOTE	[2tqeQQXSWe5U7qCy4jprnGqrDEVrq4bK5669ShFSjRPzM1PuEFSr11f AMgwz6hHEcpj8wzxcBCQJPC2Ee5in5MKtjcw91a9grq9V3RdFpWtAWK]	plain	nicks=4290950912	token=-	units=0	free
BALANCES	erin	height=2275	nock_total=2000000	nock_available=2000000	nock_pending=0	nock_attached=0	nock_attached_pending=0	nock_unknown=0	tokens=-	open_requests=0

== P8-3. first buy (655360 nicks, slippage floor 1 %) ==
QUOTE	in=655360	out_net=1701	pool_fee=6510	lore_fee=3281	nock_fees=9791	token_fees=0	network_fee=16384	spot_e9=363821385090	exec_e9=385279247501	impact_bps=589	pool_after=(16190618, 41011)
FLOOR	p8-buy-erin-1	quote_now out=1701 tokens	slippage=100 bps	min_out=1684
PLAN	p8-buy-erin-1	buy	inputs=['4Mywpeg4KZU3f1ZeFVvpuX3grqJ921WMtKzcUtUCkMHgRvamXZgrKGa 3Yn5zrhtxGkUe4rCHdz2ruH49Y3Uvk3X3h8mJ5FMP4ogtLjXshqU3tn']	required_plain=672744	plain_change=1327256	token_change=0	backing=0	backing_spent=0	fee_per_note=16384
  (rebuilding erin's wallet arena (718 MB))
BUILT	p8-buy-erin-1	txid=8BPxkVdfeeZNWmKF2cLpgYB6reHr8jpGACWiyohEJRsUVAwrKKCRs7z	file=/home/user/nmeme-run/wallets/erin/requests/p8-buy-erin-1/final.jam
SENT	p8-buy-erin-1	txid=8BPxkVdfeeZNWmKF2cLpgYB6reHr8jpGACWiyohEJRsUVAwrKKCRs7z	at_height=2274	reserved=['4Mywpeg4KZU3f1ZeFVvpuX3grqJ921WMtKzcUtUCkMHgRvamXZgrKGa 3Yn5zrhtxGkUe4rCHdz2ruH49Y3Uvk3X3h8mJ5FMP4ogtLjXshqU3tn']
MINED	p8-buy-erin-1	txid=8BPxkVdfeeZNWmKF2cLpgYB6reHr8jpGACWiyohEJRsUVAwrKKCRs7z	height=2287	block=7jgF8o8D9BWiN9QZUn2HhfdPPMmEXvuJmK1Nb8pgX2xuK3DVDBfyT3P	canonical=yes	released=['4Mywpeg4KZU3f1ZeFVvpuX3grqJ921WMtKzcUtUCkMHgRvamXZgrKGa 3Yn5zrhtxGkUe4rCHdz2ruH49Y3Uvk3X3h8mJ5FMP4ogtLjXshqU3tn']
RESULT	p8-buy-erin-1	buy	mined	txid=8BPxkVdfeeZNWmKF2cLpgYB6reHr8jpGACWiyohEJRsUVAwrKKCRs7z	height=2287	block=7jgF8o8D9BWiN9QZUn2HhfdPPMmEXvuJmK1Nb8pgX2xuK3DVDBfyT3P	in=655360	out_net=1701	pool_fee=6510	lore_fee=3281	nock_fees=9791	token_fees=0	network_fee=16384	spot_e9=363821385090	exec_e9=385279247501	impact_bps=589
DELTA	p8-buy-erin-1	nock_total: 2000000 -> 1329256	nock_available: 2000000 -> 0	nock_attached: 0 -> 1329256	tokens: BvF8w6sh…: 0 -> 1701
BALANCES	erin	height=2328	nock_total=1329256	nock_available=0	nock_pending=0	nock_attached=1329256	nock_attached_pending=0	nock_unknown=0	tokens=BvF8w6sh…:total=1701/available=1701/reserved=0/notes=1	open_requests=0
  NOTE	[4Mywpeg4KZU3f1ZeFVvpuX3grqJ921WMtKzcUtUCkMHgRvamXZgrKGa PamDiiPQLVPEx2CNd9RuEXKzSpTdGC5R5vLRCxtFzNQBQRAoQLq2m3]	token	nicks=1329256	token=BvF8w6sh…	units=1701	free

== P8-4. second buy with what is left: the token note's NOCK funds it, its units join the bought claim ==
QUOTE	in=655360	out_net=1570	pool_fee=6510	lore_fee=3281	nock_fees=9791	token_fees=0	network_fee=16384	spot_e9=394787203433	exec_e9=417426751592	impact_bps=573	pool_after=(16841697, 39441)
FLOOR	p8-buy-erin-2	quote_now out=1570 tokens	slippage=100 bps	min_out=1555
PLAN	p8-buy-erin-2	buy	inputs=['4Mywpeg4KZU3f1ZeFVvpuX3grqJ921WMtKzcUtUCkMHgRvamXZgrKGa PamDiiPQLVPEx2CNd9RuEXKzSpTdGC5R5vLRCxtFzNQBQRAoQLq2m3']	required_plain=0	plain_change=0	token_change=1701	backing=1329256	backing_spent=672744	fee_per_note=16384
QUEUE	pool=33JT9yFiVW…	previous trade p8-buy-erin-1 (8BPxkVdfee…) is mined: the pool is free
  (rebuilding erin's wallet arena (718 MB))
BUILT	p8-buy-erin-2	txid=6j1MTXLgFjqB3skt4o6ciJXFMfEtf4wqb7BRhaGH2M3C9mzg5WZN2HL	file=/home/user/nmeme-run/wallets/erin/requests/p8-buy-erin-2/final.jam
SENT	p8-buy-erin-2	txid=6j1MTXLgFjqB3skt4o6ciJXFMfEtf4wqb7BRhaGH2M3C9mzg5WZN2HL	at_height=2327	reserved=['4Mywpeg4KZU3f1ZeFVvpuX3grqJ921WMtKzcUtUCkMHgRvamXZgrKGa PamDiiPQLVPEx2CNd9RuEXKzSpTdGC5R5vLRCxtFzNQBQRAoQLq2m3']
MINED	p8-buy-erin-2	txid=6j1MTXLgFjqB3skt4o6ciJXFMfEtf4wqb7BRhaGH2M3C9mzg5WZN2HL	height=2345	block=DQ7vnqC6MBaQWPxapEd6PVXBM9MR4GcenLwJANeyUuNEKmtHFUSZM4h	canonical=yes	released=['4Mywpeg4KZU3f1ZeFVvpuX3grqJ921WMtKzcUtUCkMHgRvamXZgrKGa PamDiiPQLVPEx2CNd9RuEXKzSpTdGC5R5vLRCxtFzNQBQRAoQLq2m3']
RESULT	p8-buy-erin-2	buy	mined	txid=6j1MTXLgFjqB3skt4o6ciJXFMfEtf4wqb7BRhaGH2M3C9mzg5WZN2HL	height=2345	block=DQ7vnqC6MBaQWPxapEd6PVXBM9MR4GcenLwJANeyUuNEKmtHFUSZM4h	in=655360	out_net=1570	pool_fee=6510	lore_fee=3281	nock_fees=9791	token_fees=0	network_fee=16384	spot_e9=394787203433	exec_e9=417426751592	impact_bps=573
DELTA	p8-buy-erin-2	nock_total: 1329256 -> 658512	nock_available: 0 -> 0	nock_attached: 1329256 -> 658512	tokens: BvF8w6sh…: 1701 -> 3271
BALANCES	erin	height=2385	nock_total=658512	nock_available=0	nock_pending=0	nock_attached=658512	nock_attached_pending=0	nock_unknown=0	tokens=BvF8w6sh…:total=3271/available=3271/reserved=0/notes=1	open_requests=0
  NOTE	[4Mywpeg4KZU3f1ZeFVvpuX3grqJ921WMtKzcUtUCkMHgRvamXZgrKGa 8Qbj87eRCXMNrgvzsgTb5mtsnYfFAHCpbDth7BF45NaeYQTyK7buJif]	token	nicks=658512	token=BvF8w6sh…	units=3271	free
HELD	erin	3271 tokens (one note)

== P8-5. sell half back (1635 tokens, slippage floor 1 %) ==
FLOOR	p8-sell-erin-1	quote_now out=661602 nicks	slippage=100 bps	min_out=654986
PLAN	p8-sell-erin-1	sell	inputs=['4Mywpeg4KZU3f1ZeFVvpuX3grqJ921WMtKzcUtUCkMHgRvamXZgrKGa 8Qbj87eRCXMNrgvzsgTb5mtsnYfFAHCpbDth7BF45NaeYQTyK7buJif']	required_plain=0	plain_change=0	token_change=1636	backing=658512	backing_spent=17384	fee_per_note=16384
QUEUE	pool=33JT9yFiVW…	previous trade p8-buy-erin-2 (6j1MTXLgFj…) is mined: the pool is free
  (rebuilding erin's wallet arena (718 MB))
BUILT	p8-sell-erin-1	txid=3MuYZ4NU76g2DffG4XxNeDefVYeav8u2fY2MqmRiYCwrrcB5smyxi1F	file=/home/user/nmeme-run/wallets/erin/requests/p8-sell-erin-1/final.jam
SENT	p8-sell-erin-1	txid=3MuYZ4NU76g2DffG4XxNeDefVYeav8u2fY2MqmRiYCwrrcB5smyxi1F	at_height=2382	reserved=['4Mywpeg4KZU3f1ZeFVvpuX3grqJ921WMtKzcUtUCkMHgRvamXZgrKGa 8Qbj87eRCXMNrgvzsgTb5mtsnYfFAHCpbDth7BF45NaeYQTyK7buJif']
MINED	p8-sell-erin-1	txid=3MuYZ4NU76g2DffG4XxNeDefVYeav8u2fY2MqmRiYCwrrcB5smyxi1F	height=2398	block=C1XcfVVEDYx4qCNv8aVgC1nVEPY6NfTtPvMSmwJ1WS8KPeEWvXAEjPa	canonical=yes	released=['4Mywpeg4KZU3f1ZeFVvpuX3grqJ921WMtKzcUtUCkMHgRvamXZgrKGa 8Qbj87eRCXMNrgvzsgTb5mtsnYfFAHCpbDth7BF45NaeYQTyK7buJif']
RESULT	p8-sell-erin-1	sell	mined	txid=3MuYZ4NU76g2DffG4XxNeDefVYeav8u2fY2MqmRiYCwrrcB5smyxi1F	height=2398	block=C1XcfVVEDYx4qCNv8aVgC1nVEPY6NfTtPvMSmwJ1WS8KPeEWvXAEjPa	in=1635	out_net=661602	pool_fee=16	lore_fee=3329	nock_fees=3329	token_fees=16	network_fee=16384	spot_e9=427009888187	exec_e9=404649541284	impact_bps=552
DELTA	p8-sell-erin-1	nock_total: 658512 -> 1302730	nock_available: 0 -> 0	nock_attached: 658512 -> 1302730	tokens: BvF8w6sh…: 3271 -> 1636
BALANCES	erin	height=2437	nock_total=1302730	nock_available=0	nock_pending=0	nock_attached=1302730	nock_attached_pending=0	nock_unknown=0	tokens=BvF8w6sh…:total=1636/available=1636/reserved=0/notes=1	open_requests=0
  NOTE	[4Mywpeg4KZU3f1ZeFVvpuX3grqJ921WMtKzcUtUCkMHgRvamXZgrKGa DBxtgPX9PKS3bWPXwVjCGQ74BSW66NFxcxAD9Nsedi6dKrw8nWnd7gA]	token	nicks=1302730	token=BvF8w6sh…	units=1636	free

== P8-6. transfer 100 tokens to bob ==
PLAN	p8-xfer-erin-1	transfer	inputs=['4Mywpeg4KZU3f1ZeFVvpuX3grqJ921WMtKzcUtUCkMHgRvamXZgrKGa DBxtgPX9PKS3bWPXwVjCGQ74BSW66NFxcxAD9Nsedi6dKrw8nWnd7gA']	required_plain=0	plain_change=0	token_change=1536	backing=1302730	backing_spent=17384	fee_per_note=16384
  (rebuilding erin's wallet arena (718 MB))
BUILT	p8-xfer-erin-1	txid=CoBirpFo3JcFwACAnirAsKZRAN5zUoCTbDaxAYQ8RnyfqS3aoh3WbsK	file=/home/user/nmeme-run/wallets/erin/requests/p8-xfer-erin-1/final.jam
SENT	p8-xfer-erin-1	txid=CoBirpFo3JcFwACAnirAsKZRAN5zUoCTbDaxAYQ8RnyfqS3aoh3WbsK	at_height=2433	reserved=['4Mywpeg4KZU3f1ZeFVvpuX3grqJ921WMtKzcUtUCkMHgRvamXZgrKGa DBxtgPX9PKS3bWPXwVjCGQ74BSW66NFxcxAD9Nsedi6dKrw8nWnd7gA']
MINED	p8-xfer-erin-1	txid=CoBirpFo3JcFwACAnirAsKZRAN5zUoCTbDaxAYQ8RnyfqS3aoh3WbsK	height=2451	block=63TtZeRD9EAGUGzuv8FCcesNzL6rM9cAr7EbhUi6kFcp9pov8gcgsof	canonical=yes	released=['4Mywpeg4KZU3f1ZeFVvpuX3grqJ921WMtKzcUtUCkMHgRvamXZgrKGa DBxtgPX9PKS3bWPXwVjCGQ74BSW66NFxcxAD9Nsedi6dKrw8nWnd7gA']
RESULT	p8-xfer-erin-1	transfer	mined	txid=CoBirpFo3JcFwACAnirAsKZRAN5zUoCTbDaxAYQ8RnyfqS3aoh3WbsK	height=2451	block=63TtZeRD9EAGUGzuv8FCcesNzL6rM9cAr7EbhUi6kFcp9pov8gcgsof	
DELTA	p8-xfer-erin-1	nock_total: 1302730 -> 1285346	nock_available: 0 -> 0	nock_attached: 1302730 -> 1285346	tokens: BvF8w6sh…: 1636 -> 1536
BALANCES	erin	height=2493	nock_total=1285346	nock_available=0	nock_pending=0	nock_attached=1285346	nock_attached_pending=0	nock_unknown=0	tokens=BvF8w6sh…:total=1536/available=1536/reserved=0/notes=1	open_requests=0
  NOTE	[4Mywpeg4KZU3f1ZeFVvpuX3grqJ921WMtKzcUtUCkMHgRvamXZgrKGa 3merPhSPHgMcgvYXyNp1UqJ58pdGybDN1DjHAy4oPvWRmrGbcyLRdCo]	token	nicks=1285346	token=BvF8w6sh…	units=1536	free
BALANCES	bob	height=2493	nock_total=9584627	nock_available=5235442	nock_pending=0	nock_attached=4349185	nock_attached_pending=0	nock_unknown=0	tokens=BvF8w6sh…:total=12170/available=12170/reserved=0/notes=10 26EG9u2V…:total=597/available=597/reserved=0/notes=6 6G9bZSkG…:total=9223372036854775807/available=9223372036854775807/reserved=0/notes=1	open_requests=0

== P8-7. two buys at once through the per-pool queue: the second waits for the first to be mined and is quoted against the pool as it stands ==
PLAN	p8-fund-erin-2	pay	inputs=['2tqeQQXSWe5U7qCy4jprnGqrDEVrq4bK5669ShFSjRPzM1PuEFSr11f 7ZbLAkGNGLXkJ7SwJUxgupZuKu9GPFPdX7VrV1FAsb7d2VLRZ5fKYmw']	required_plain=2016384	plain_change=4290934528	token_change=0	backing=0	backing_spent=0	fee_per_note=16384
Traceback (most recent call last):
  File "/home/user/CoolCryptoGames/nockmeme/backend/service.