# funding: 149 coinbase (verified against block parents), 0 plain, 0 claim
# funding: 0 coinbase (verified against block parents), 0 plain, 2 claim
  fund-1 mined (inputs spent) by height 162
  fund-2 mined (inputs spent) by height 170
  fund-3 mined (inputs spent) by height 189
  fund-4 mined (inputs spent) by height 194
== main: open pool token=BvF8w6shohCTADMyVLcVhej4CHjyqXNHsDzGDA6F2xnH7oKKXXSPCha fee=100 nock=6553600 tokens=100000 from [2tqeQQXSWe5U7qCy4jprnGqrDEVrq4bK5669ShFSjRPzM1PuEFSr11f 2SjkpTRKSxBYfsw1Vf5JWBTrL4u9EB7EYiH19At4StjSPXfh8u5p3so] (999900 held) -> lock 33JT9yFiVWnKBJwt3fWZKAUL7QfRJ1di3X6gPiiRCSuHQLcR1ASTaDS ==
  main-wallet: 1/1 verified
  main-resigned: 1/1 verified
  main mined (inputs spent) by height 209
# funding: 0 coinbase (verified against block parents), 6 plain, 2 claim
  bob-wallet: 1/1 verified
  QUOTE	buy	in=655360 nicks	out_net=8954 tokens	pool_fee=6510 nicks	lore_fee=3281 nicks	nock_fees=9791 nicks	token_fees=0 tokens	network_fee=16384 nicks	spot_e9=65536000000	exec_e9=73191869555	impact_bps=1168
  POOL-BEFORE	6553600	100000
  POOL-AFTER	7204679	91046
  POOL-SPEND	to_user=1000+8954t	successor=6549319+91046t	lore=3281+0t	fee=0
  PINNED	user	CyjTA9Bz6oiepyYL4L4kyk3KPAtJRipnxkNZ7oDZSeygrevcLocA7wV	d3pm437kwbBD32n2KLLzuatokP2QYWp9C35CJ7ooc4u62ouQsBzBPV
  FEE	current=16384	required=8192	seed_words=43	witness_words=84
  WROTE	/home/user/nmeme-run/pool/buy1/assembled.jam
  NEWSIGHASH	AWSg3Hy1jcrNXG8Q5uH7nBufS8E16puBSJZesNPRTL4z3A66duBmgK	CTeK5BW5rNE5sUQkD7GAAwoKEKPa5zN86tL17RJNTiBjDG5aPuXRWEE
  NEWSIGHASH	2mZjFX8GRKid4Qx4ERPRKaJXkEVKWHYHc9VWK6XpGxeYRsZNSpYh9Pp	3bQ8N75RWo8rSamk2Qc7SSe8wnNTCAJAQNj3DkPqe49kMq7fagTSQQf
  buy1 mined (inputs spent) by height 217
  bob-wallet: 1/1 verified
  ATTACHED	CyjTA9Bz6oiepyYL4L4kyk3KPAtJRipnxkNZ7oDZSeygrevcLocA7wV	4477
  QUOTE	sell	in=4477 tokens	out_net=333769 nicks	pool_fee=44 tokens	lore_fee=1682 nicks	nock_fees=1682 nicks	token_fees=44 tokens	network_fee=16384 nicks	spot_e9=79132295762	exec_e9=74551932097	impact_bps=614
  POOL-BEFORE	7204679	91046
  POOL-AFTER	6870228	95523
  POOL-SPEND	to_user=333769+0t	successor=6869228+95523t	lore=1682+0t	fee=0
  PINNED	user	CyjTA9Bz6oiepyYL4L4kyk3KPAtJRipnxkNZ7oDZSeygrevcLocA7wV	4pN3Xw1djtg5Kk62wCicsHoj8Nymmukt3YaiHejUmkp1oAV7Q2ZHGvN
  FEE	current=16384	required=8192	seed_words=43	witness_words=84
  WROTE	/home/user/nmeme-run/pool/sell1/assembled.jam
  NEWSIGHASH	AWSg3Hy1jcrNXG8Q5uH7nBufS8E16puBSJZesNPRTL4z3A66duBmgK	C1o15up2g7PJgjN6v2Y4jifJrQ1dweq7FDYYtYHJesFwJ1HJUwRjxDz
  NEWSIGHASH	2mZjFX8GRKid4Qx4ERPRKaJXkEVKWHYHc9VWK6XpGxeYRsZNSpYh9Pp	DEHcV5dc9ERw9r9xwTDT9XH1Z62Tx1VXpNKdZtkZ1m8N2i729EaRoyr
  sell1 mined (inputs spent) by height 235
# funding: 229 coinbase (verified against block parents), 0 plain, 0 claim
# funding: 0 coinbase (verified against block parents), 4 plain, 2 claim
  alice-wallet: 1/1 verified
  QUOTE	buy	in=655360 nicks	out_net=8193 tokens	pool_fee=6510 nicks	lore_fee=3281 nicks	nock_fees=9791 nicks	token_fees=0 tokens	network_fee=16384 nicks	spot_e9=71922238623	exec_e9=79990235566	impact_bps=1121
  POOL-BEFORE	6870228	95523
  POOL-AFTER	7521307	87330
  POOL-SPEND	to_user=1000+8193t	successor=6865947+87330t	lore=3281+0t	fee=0
  PINNED	user	6Gn3zaAVYhto5qpVL84CpBQNGGokBxssUtZmw5879BESZVMdTmpEhfw	RhLQS7htaCy6CEwoHZnNPFhv8D2xqEcb3DGqv2hxNrrEHQFAkopc8L
  FEE	current=16384	required=8384	seed_words=43	witness_words=90
  WROTE	/home/user/nmeme-run/pool/buy2/assembled.jam
  NEWSIGHASH	4mWu8uLjC6W9BgWVzTW9r4qJ3ZPMNgP28xDnKfy1QYz14mkjyF4b8Ax	8fHNh7ZGfcnHWMWtLP6wF358nHNiDF3y2fZVF3aqWGYpxqAjJMhYGXL
  NEWSIGHASH	2mZjFX8GRKid4Qx4ERPRKaJXkEVKWHYHc9VWK6XpGxeYRsZNSpYh9Pp	39xTuzVerPrM8EAMaJNKmNnXbac33Xr3reszAaWJJRG5RAfE9bmqD9P
  buy2 mined (inputs spent) by height 247
# funding: 0 coinbase (verified against block parents), 5 plain, 3 claim
  bob-wallet: 1/1 verified
  alice-wallet: 1/1 verified
  QUOTE	buy	in=655360 nicks	out_net=6893 tokens	pool_fee=6510 nicks	lore_fee=3281 nicks	nock_fees=9791 nicks	token_fees=0 tokens	network_fee=16384 nicks	spot_e9=86125123096	exec_e9=95076164224	impact_bps=1039
  POOL-BEFORE	7521307	87330
  POOL-AFTER	8172386	80437
  POOL-SPEND	to_user=1000+6893t	successor=7517026+80437t	lore=3281+0t	fee=0
  PINNED	user	CyjTA9Bz6oiepyYL4L4kyk3KPAtJRipnxkNZ7oDZSeygrevcLocA7wV	NfB4Rg6YWjLYBbrPZdVjzP8JZogrx8ftB2MtY8zPW7Xqa3eZKg6Kcu
  FEE	current=16384	required=8192	seed_words=43	witness_words=84
  WROTE	/home/user/nmeme-run/pool/sim-bob/assembled.jam
  NEWSIGHASH	AWSg3Hy1jcrNXG8Q5uH7nBufS8E16puBSJZesNPRTL4z3A66duBmgK	94XSdUP2tsrGAzCxfw4KD1n4MSUkHxtDdXaeHMX11k3W2g5H4V9t2A
  NEWSIGHASH	2mZjFX8GRKid4Qx4ERPRKaJXkEVKWHYHc9VWK6XpGxeYRsZNSpYh9Pp	BuU65LAr74m8X5T6CoJnwpXD641Y6kxfkN7gexvbngasPfykMwiybjM
  QUOTE	buy	in=655360 nicks	out_net=6893 tokens	pool_fee=6510 nicks	lore_fee=3281 nicks	nock_fees=9791 nicks	token_fees=0 tokens	network_fee=16384 nicks	spot_e9=86125123096	exec_e9=95076164224	impact_bps=1039
  POOL-BEFORE	7521307	87330
  POOL-AFTER	8172386	80437
  POOL-SPEND	to_user=1000+6893t	successor=7517026+80437t	lore=3281+0t	fee=0
  PINNED	user	6Gn3zaAVYhto5qpVL84CpBQNGGokBxssUtZmw5879BESZVMdTmpEhfw	41BsnwBXVKmMWt4iaspBdEDARxYi6BDE2SCD7vcDNX1DLmGPHPztdcT
  FEE	current=16384	required=8384	seed_words=43	witness_words=90
  WROTE	/home/user/nmeme-run/pool/sim-alice/assembled.jam
  NEWSIGHASH	4mWu8uLjC6W9BgWVzTW9r4qJ3ZPMNgP28xDnKfy1QYz14mkjyF4b8Ax	DCEnEhmuwDwhTojjLWqkFoJ2bB2seWRnxfqQAwuYBNJXeaeuNWg3ur5
  NEWSIGHASH	2mZjFX8GRKid4Qx4ERPRKaJXkEVKWHYHc9VWK6XpGxeYRsZNSpYh9Pp	6ZU8ZR9zRGu4ZRGwoo1wsGp7EoS9dKScYV3ZXT4h7HqNpqUuJZ92ZR8
  alice-wallet: 1/1 verified
  QUOTE	buy	in=655360 nicks	out_net=5880 tokens	pool_fee=6510 nicks	lore_fee=3281 nicks	nock_fees=9791 nicks	token_fees=0 tokens	network_fee=16384 nicks	spot_e9=101599835896	exec_e9=111455782312	impact_bps=970
  POOL-BEFORE	8172386	80437
  POOL-AFTER	8823465	74557
  POOL-SPEND	to_user=1000+5880t	successor=8168105+74557t	lore=3281+0t	fee=0
  PINNED	user	6Gn3zaAVYhto5qpVL84CpBQNGGokBxssUtZmw5879BESZVMdTmpEhfw	AfcAzBm9bdXjpfNaXBijnJoS5TrirURzBasXptyzKFh2SUpwE4Kapzi
  FEE	current=16384	required=8384	seed_words=43	witness_words=90
  WROTE	/home/user/nmeme-run/pool/requote/assembled.jam
  NEWSIGHASH	4mWu8uLjC6W9BgWVzTW9r4qJ3ZPMNgP28xDnKfy1QYz14mkjyF4b8Ax	DcvmhxK7e67Ac7pdSAEsATXAJLkaxqd1PozeEBY3hx2ncRJrdvAz6jy
  NEWSIGHASH	2mZjFX8GRKid4Qx4ERPRKaJXkEVKWHYHc9VWK6XpGxeYRsZNSpYh9Pp	7HEZvC9EGfdWtcG7PagvbzT38bEGi1ATw7C2V6apwEacYxotAtqQzeX
  requote mined (inputs spent) by height 277
== pool-withdraw: open pool token=26EG9u2Vs3rU7vvsiBSVBDtD2Tv4XnzdDvspsD4fBAGVMvzn4kT3as8 fee=101 nock=6553600 tokens=10000 from [2tqeQQXSWe5U7qCy4jprnGqrDEVrq4bK5669ShFSjRPzM1PuEFSr11f 8ykmf7TB7qXhrns8UmW2JBBgaEVkAXazWL1JQXoTVwcodgUjzrFSYHF] (999900 held) -> lock 7KXKyAktyabH9QCbxGrhjKz5X4hMCJXSbPo1ukxEH59fzaMjUJrFsm6 ==
  pool-withdraw-wallet: 1/1 verified
  pool-withdraw-resigned: 1/1 verified
  pool-withdraw mined (inputs spent) by height 292
# funding: 284 coinbase (verified against block parents), 0 plain, 0 claim
# funding: 0 coinbase (verified against block parents), 4 plain, 4 claim
  alice-wallet: 1/1 verified
  QUOTE	buy	in=655360 nicks	out_net=895 tokens	pool_fee=6575 nicks	lore_fee=3281 nicks	nock_fees=9856 nicks	token_fees=0 tokens	network_fee=16384 nicks	spot_e9=655360000000	exec_e9=732245810055	impact_bps=1173
  POOL-BEFORE	6553600	10000
  POOL-AFTER	7204679	9105
  ATTACK	withdraw	100000
  POOL-SPEND	to_user=101000+895t	successor=6449319+9105t	lore=3281+0t	fee=0
  PINNED	user	6Gn3zaAVYhto5qpVL84CpBQNGGokBxssUtZmw5879BESZVMdTmpEhfw	BcVAv1SADn5qdpysc2PY7GcjnBXdZppZk4F2BNH9Y3sEP1Vso2SheLy
  FEE	current=16384	required=8384	seed_words=43	witness_words=90
  WROTE	/home/user/nmeme-run/pool/withdraw/assembled.jam
  NEWSIGHASH	4mWu8uLjC6W9BgWVzTW9r4qJ3ZPMNgP28xDnKfy1QYz14mkjyF4b8Ax	2uLbeZJAPn1RXuELzkpwrjb7uozVNZjo5iBATKhfiUS61Ff4qF19MZS
  NEWSIGHASH	4zYd5VFfjyAMb5E4XMGDxrzCon65bGyq7mRZcL1T2eNpjfMrASoA7XD	5eGgmnRXK9MbG6VsM9wyXi9pHBcGsY3mNw9qmk2M37i1P5LMok6V2DJ
== attack: withdraw (txid 3YVKvFC7HiAzg6ZiVGj6mnR15kkMxboJ7aVBf6Dkwt4d1YgDuHUuGRw) ==
  node: TXID	3YVKvFC7HiAzg6ZiVGj6mnR15kkMxboJ7aVBf6Dkwt4d1YgDuHUuGRw
  node: SEND	acknowledged
  node: MEMPOOL	not admitted	not in the node's accepted set
== pool-over-payout: open pool token=26EG9u2Vs3rU7vvsiBSVBDtD2Tv4XnzdDvspsD4fBAGVMvzn4kT3as8 fee=113 nock=6553600 tokens=10000 from [2tqeQQXSWe5U7qCy4jprnGqrDEVrq4bK5669ShFSjRPzM1PuEFSr11f 7WuL2Qe7WeErbgKkdmcGZd46DThH5MyjGEr5cJFbzTaA5Grn1Lo2Sde] (989900 held) -> lock AzF7FComaoJ1xAbZZvuMpxsGB6wHrudf3QmkrrCN5wvRbnrETQkw8vN ==
  pool-over-payout-wallet: 1/1 verified
  pool-over-payout-resigned: 1/1 verified
  pool-over-payout mined (inputs spent) by height 322
# funding: 314 coinbase (verified against block parents), 0 plain, 0 claim
# funding: 0 coinbase (verified against block parents), 4 plain, 4 claim
  alice-wallet: 1/1 verified
  QUOTE	buy	in=655360 nicks	out_net=894 tokens	pool_fee=7357 nicks	lore_fee=3281 nicks	nock_fees=10638 nicks	token_fees=0 tokens	network_fee=16384 nicks	spot_e9=655360000000	exec_e9=733064876957	impact_bps=1185
  POOL-BEFORE	6553600	10000
  POOL-AFTER	7204679	9106
  ATTACK	payout	896
  POOL-SPEND	to_user=1000+896t	successor=6549319+9104t	lore=3281+0t	fee=0
  PINNED	user	6Gn3zaAVYhto5qpVL84CpBQNGGokBxssUtZmw5879BESZVMdTmpEhfw	76V9Wwm6oNWbnjj2tyjW16NWobjoAZENoi76aQkaZVFzZfLjD4zAJNK
  FEE	current=16384	required=8384	seed_words=43	witness_words=90
  WROTE	/home/user/nmeme-run/pool/over-payout/assembled.jam
  NEWSIGHASH	4mWu8uLjC6W9BgWVzTW9r4qJ3ZPMNgP28xDnKfy1QYz14mkjyF4b8Ax	AMAN6SX6mnJ7JYY2Q5kFM3vhvFWjCWjfepPf465UZRFQaMUevDaoVtE
  NEWSIGHASH	CERH4YJ3ZTMFHomwiVdZ2mpJjZMkg8MP8NuCpRaz7f1pK5AbHvfpnhV	9U5MGn7coDJsAtGxeZkNaYxfCqsTmvRwY39pnhcgihBjF5XHUhanmSJ
== attack: over-payout (txid CMUWQLoW6JPKLbPWuDMWxBRvvwDFuF4hQjt8qybtR498mFVY6r4YtmB) ==
  node: TXID	CMUWQLoW6JPKLbPWuDMWxBRvvwDFuF4hQjt8qybtR498mFVY6r4YtmB
  node: SEND	acknowledged
  node: MEMPOOL	not admitted	not in the node's accepted set
== pool-pool-fee: open pool token=26EG9u2Vs3rU7vvsiBSVBDtD2Tv4XnzdDvspsD4fBAGVMvzn4kT3as8 fee=114 nock=6553600 tokens=10000 from [2tqeQQXSWe5U7qCy4jprnGqrDEVrq4bK5669ShFSjRPzM1PuEFSr11f 2Ems8tHhs6H6ST5i6BfiRoa6ojUxFqXhnXxM6goZ2ucXj71cbytw28m] (979900 held) -> lock 9rUunKeUo3dGNXPwvhWHo75MJtpyKTCvfaPnXmxjHn3iFYmDxuwgLda ==
  pool-pool-fee-wallet: 1/1 verified
  pool-pool-fee-resigned: 1/1 verified
  pool-pool-fee mined (inputs spent) by height 344
# funding: 336 coinbase (verified against block parents), 0 plain, 0 claim
# funding: 0 coinbase (verified against block parents), 4 plain, 4 claim
  alice-wallet: 1/1 verified
  QUOTE	buy	in=655360 nicks	out_net=894 tokens	pool_fee=7422 nicks	lore_fee=3281 nicks	nock_fees=10703 nicks	token_fees=0 tokens	network_fee=16384 nicks	spot_e9=655360000000	exec_e9=733064876957	impact_bps=1185
  POOL-BEFORE	6553600	10000
  POOL-AFTER	7204679	9106
  ATTACK	pool-fee	1
  POOL-SPEND	to_user=1000+894t	successor=6549318+9106t	lore=3281+0t	fee=1
  PINNED	user	6Gn3zaAVYhto5qpVL84CpBQNGGokBxssUtZmw5879BESZVMdTmpEhfw	2cMRnUgBGT9GLwttjdMkQwsmtYjNK8Bm9ubti2GUjBWKkWDEkBrTnap
  FEE	current=16385	required=8384	seed_words=43	witness_words=90
  WROTE	/home/user/nmeme-run/pool/pool-fee/assembled.jam
  NEWSIGHASH	4mWu8uLjC6W9BgWVzTW9r4qJ3ZPMNgP28xDnKfy1QYz14mkjyF4b8Ax	4nCX14L7QE1o4B1kkDMn9RKQ56m2qZvPc6taZfv1cbEL91ciUi229jg
  NEWSIGHASH	7j3RyVMMxnutZUjDtZN3XHckeqi4ShwaR4h1XB72fykpFbqejUkLtxc	APpMfoVCuN3uSnsJniFGybcJPjMYS5uswvgPw1PakmmhGxDoTsqGvSL
== attack: pool-fee (txid CFzAoMkvWGf1AoNro3QZGDR2ipo2dxBZoBd4bdnqRTKzDihkNzxayr4) ==
  node: TXID	CFzAoMkvWGf1AoNro3QZGDR2ipo2dxBZoBd4bdnqRTKzDihkNzxayr4
  node: SEND	acknowledged
  node: MEMPOOL	not admitted	not in the node's accepted set
== pool-third-lock: open pool token=26EG9u2Vs3rU7vvsiBSVBDtD2Tv4XnzdDvspsD4fBAGVMvzn4kT3as8 fee=104 nock=6553600 tokens=10000 from [2tqeQQXSWe5U7qCy4jprnGqrDEVrq4bK5669ShFSjRPzM1PuEFSr11f 5GELnExRFF2WuPW1BRYLRxuwGkzdmKpDTM9qm4Kr9GP9jEgnSpPe4KR] (969900 held) -> lock 9ZJo8hvDvRskh1zzGp41vxP77z2hkDbPvTkRN74m992AvVJTPNoSBYW ==
  pool-third-lock-wallet: 1/1 verified
  pool-third-lock-resigned: 1/1 verified
  pool-third-lock mined (inputs spent) by height 375
# funding: 367 coinbase (verified against block parents), 0 plain, 0 claim
# funding: 0 coinbase (verified against block parents), 4 plain, 4 claim
  alice-wallet: 1/1 verified
  QUOTE	buy	in=655360 nicks	out_net=895 tokens	pool_fee=6771 nicks	lore_fee=3281 nicks	nock_fees=10052 nicks	token_fees=0 tokens	network_fee=16384 nicks	spot_e9=655360000000	exec_e9=732245810055	impact_bps=1173
  POOL-BEFORE	6553600	10000
  POOL-AFTER	7204679	9105
  ATTACK	extra-seed	6Gn3zaAVYhto5qpVL84CpBQNGGokBxssUtZmw5879BESZVMdTmpEhfw	1000
  POOL-SPEND	to_user=1000+895t	successor=6548319+9105t	lore=3281+0t	fee=0
  PINNED	user	6Gn3zaAVYhto5qpVL84CpBQNGGokBxssUtZmw5879BESZVMdTmpEhfw	iyT6bkmWoRJPbTQQEmzoiznqbiZjUJz23BxskUeZnDAetWLWjJhyV8
  FEE	current=16384	required=8384	seed_words=43	witness_words=90
  WROTE	/home/user/nmeme-run/pool/third-lock/assembled.jam
  NEWSIGHASH	4mWu8uLjC6W9BgWVzTW9r4qJ3ZPMNgP28xDnKfy1QYz14mkjyF4b8Ax	TgodaM15bsuQqkCsAAsr3GmmqmTD9U3G98xax2EWtQTRD8JVE9DSRn
  NEWSIGHASH	28E8i3eK67swQGvu26tx3LkHtQsdp5Wfx5TchLmCvmzN3iWcvWYcHqc	DHpSwddj9mGn4gVEh4m3xMZQkgETSMxnq31BzgmtHRX57HRZyq5cZQ9
== attack: third-lock (txid 959LEuUfUiDz9L74adp2MU7YAhrRXAnqna3Chk1dhKRF4BswgwFsQ8K) ==
  node: TXID	959LEuUfUiDz9L74adp2MU7YAhrRXAnqna3Chk1dhKRF4BswgwFsQ8K
  node: SEND	acknowledged
  node: MEMPOOL	not admitted	not in the node's accepted set
== pool-drop-claim: open pool token=26EG9u2Vs3rU7vvsiBSVBDtD2Tv4XnzdDvspsD4fBAGVMvzn4kT3as8 fee=105 nock=6553600 tokens=10000 from [2tqeQQXSWe5U7qCy4jprnGqrDEVrq4bK5669ShFSjRPzM1PuEFSr11f 27hkWfjasXBVUbUvyukojx5ee6JocJi6q2dW9GT18GUiv86nKgsy2cb] (959900 held) -> lock CJRRpGciBxKafPYdaT254QnqyCV6LdB8Tj8TkC11JsXQAB3wBSynE6h ==
  pool-drop-claim-wallet: 1/1 verified
  pool-drop-claim-resigned: 1/1 verified
  pool-drop-claim mined (inputs spent) by height 395
# funding: 387 coinbase (verified against block parents), 0 plain, 0 claim
# funding: 0 coinbase (verified against block parents), 4 plain, 4 claim
  alice-wallet: 1/1 verified
  QUOTE	buy	in=655360 nicks	out_net=895 tokens	pool_fee=6836 nicks	lore_fee=3281 nicks	nock_fees=10117 nicks	token_fees=0 tokens	network_fee=16384 nicks	spot_e9=655360000000	exec_e9=732245810055	impact_bps=1173
  POOL-BEFORE	6553600	10000
  POOL-AFTER	7204679	9105
  ATTACK	drop-claim
  POOL-SPEND	to_user=1000+895t	successor=6549319+9105t	lore=3281+0t	fee=0
  PINNED	user	6Gn3zaAVYhto5qpVL84CpBQNGGokBxssUtZmw5879BESZVMdTmpEhfw	5wX63QYqvt4AcbQ9kmU6kTkW4HSSjn44J7KzdfiWqwBVpGPRFxFa328
  FEE	current=16384	required=7360	seed_words=35	witness_words=90
  WROTE	/home/user/nmeme-run/pool/drop-claim/assembled.jam
  NEWSIGHASH	4mWu8uLjC6W9BgWVzTW9r4qJ3ZPMNgP28xDnKfy1QYz14mkjyF4b8Ax	6PbxrASBg86qXGzJzFbqRuwgtjMNMTEEQMfwNHL5A1K9AjHoqwQtxfK
  NEWSIGHASH	8px6CinizTHzLUrT8yVHyCJsm2YJB3Z8KxjizCH3aBYT1k7NDkhRTjs	omHQrpHX8tuyZm9wZqHy3cLVuFVDsnMWjjnLPLTUnACcxk4sG7Lb8T
== attack: drop-claim (txid 9SSFs5iRn9VmrYSKjcF5mEvADXfTgqKZ9fjro8P9AKwm8hBjUiHqjEm) ==
  node: TXID	9SSFs5iRn9VmrYSKjcF5mEvADXfTgqKZ9fjro8P9AKwm8hBjUiHqjEm
  node: SEND	acknowledged
  node: MEMPOOL	not admitted	not in the node's accepted set
== pool-inflate-claim: open pool token=26EG9u2Vs3rU7vvsiBSVBDtD2Tv4XnzdDvspsD4fBAGVMvzn4kT3as8 fee=106 nock=6553600 tokens=10000 from [2tqeQQXSWe5U7qCy4jprnGqrDEVrq4bK5669ShFSjRPzM1PuEFSr11f 3B6Ft3U1Zf9qRpbje1DejoimuQD8aXUyLZaxHCnSSBjc5sBLb8gVwpw] (949900 held) -> lock 492iMqna3HJNt2mLRUWXvqwjjjmLH2eu2XvRkgb4wDLis8QiSyF1m17 ==
  pool-inflate-claim-wallet: 1/1 verified
  pool-inflate-claim-resigned: 1/1 verified
  pool-inflate-claim mined (inputs spent) by height 420
# funding: 412 coinbase (verified against block parents), 0 plain, 0 claim
# funding: 0 coinbase (verified against block parents), 4 plain, 4 claim
  alice-wallet: 1/1 verified
  QUOTE	buy	in=655360 nicks	out_net=894 tokens	pool_fee=6901 nicks	lore_fee=3281 nicks	nock_fees=10182 nicks	token_fees=0 tokens	network_fee=16384 nicks	spot_e9=655360000000	exec_e9=733064876957	impact_bps=1185
  POOL-BEFORE	6553600	10000
  POOL-AFTER	7204679	9106
  ATTACK	inflate-claim	1000000
  POOL-SPEND	to_user=1000+894t	successor=6549319+9106t	lore=3281+0t	fee=0
  PINNED	user	6Gn3zaAVYhto5qpVL84CpBQNGGokBxssUtZmw5879BESZVMdTmpEhfw	8MeJW77duZRkSFsJfLAjWtz54TjczecTNbprtzXgpz4nsr36yMtSzGP
  FEE	current=16384	required=8384	seed_words=43	witness_words=90
  WROTE	/home/user/nmeme-run/pool/inflate-claim/assembled.jam
  NEWSIGHASH	4mWu8uLjC6W9BgWVzTW9r4qJ3ZPMNgP28xDnKfy1QYz14mkjyF4b8Ax	Se3Ey324Sb2CtA2YxTDj5nZkuhffQERoQrXojD7Hp9KEo3snB3dGZW
  NEWSIGHASH	8C4v9TE9i63EYRVavyZSHUMxZ6w1nm7SkAdNxGyrR3goTAKEomBAe7M	DWB8GvoP81F9pdRvtdymsM6wanPoCr4gujJkhxWer1kEEDMQxGNrRff
== pool-mint: open pool token=26EG9u2Vs3rU7vvsiBSVBDtD2Tv4XnzdDvspsD4fBAGVMvzn4kT3as8 fee=107 nock=6553600 tokens=10000 from [2tqeQQXSWe5U7qCy4jprnGqrDEVrq4bK5669ShFSjRPzM1PuEFSr11f 77puwNKSwDNbScWRpcDkKx3fSMW7gsqZ6HR8L7MtfyVN4nPmFPozVt6] (939900 held) -> lock 22AMU6xGBgtfUwV8sMKTbk3sTXs53HW1WcC86xswPJGs7P8a9BLwqfZ ==
  pool-mint-wallet: 1/1 verified
  pool-mint-resigned: 1/1 verified
  pool-mint mined (inputs spent) by height 443
# funding: 434 coinbase (verified against block parents), 0 plain, 0 claim
# funding: 0 coinbase (verified against block parents), 4 plain, 5 claim
  alice-wallet: 1/1 verified
  QUOTE	buy	in=655360 nicks	out_net=894 tokens	pool_fee=6966 nicks	lore_fee=3281 nicks	nock_fees=10247 nicks	token_fees=0 tokens	network_fee=16384 nicks	spot_e9=655360000000	exec_e9=733064876957	impact_bps=1185
  POOL-BEFORE	6553600	10000
  POOL-AFTER	7204679	9106
  ATTACK	successor-tokens	11000
  POOL-SPEND	to_user=1000+894t	successor=6549319+11000t	lore=3281+0t	fee=0
  PINNED	user	6Gn3zaAVYhto5qpVL84CpBQNGGokBxssUtZmw5879BESZVMdTmpEhfw	481oTjhCjiApZo8PnY7b1JMFnyoGsuc5NHCBfNMR5a8CBbFdh1DiFUj
  FEE	current=16384	required=8384	seed_words=43	witness_words=90
  WROTE	/home/user/nmeme-run/pool/mint/assembled.jam
  NEWSIGHASH	4mWu8uLjC6W9BgWVzTW9r4qJ3ZPMNgP28xDnKfy1QYz14mkjyF4b8Ax	2QLKiMsYi8d67VvAnK8U1413AqQLri9NDLTv2weFHcpYP9Jwj5VtoFX
  NEWSIGHASH	2jpu1KePUpH8mJgMVZuvy3aj9Kok8NmqU9V4cxjP6jJ1PEoAq2JnXJv	4EqUmEk5j9AqoXKAvrGTgZD1niCYz1Ugc16qNKiX8VJhHd5x9ELjpQj
== attack: mint (txid F8HKtf2gVpJUVGDXd4oqxvMT7jLawaWX4UzJDpPxkL99mCPUnFfVMP) ==
  node: TXID	F8HKtf2gVpJUVGDXd4oqxvMT7jLawaWX4UzJDpPxkL99mCPUnFfVMP
  node: SEND	acknowledged
  node: MEMPOOL	not admitted	not in the node's accepted set
== pool-lore-short: open pool token=26EG9u2Vs3rU7vvsiBSVBDtD2Tv4XnzdDvspsD4fBAGVMvzn4kT3as8 fee=111 nock=6553600 tokens=10000 from [2tqeQQXSWe5U7qCy4jprnGqrDEVrq4bK5669ShFSjRPzM1PuEFSr11f 7MrjkcSdy3sq4YE1FFdEqzbiNtB9VKy7rH8xxbJ2aoom1S7sgzzWv5c] (929900 held) -> lock AyWPVqt7fksHYqztpWjPytyR2LULru7VCihP5e6iTaXgqsEG74nSyP3 ==
  pool-lore-short-wallet: 1/1 verified
  pool-lore-short-resigned: 1/1 verified
  pool-lore-short mined (inputs spent) by height 466
# funding: 457 coinbase (verified against block parents), 0 plain, 0 claim
# funding: 0 coinbase (verified against block parents), 4 plain, 5 claim
  alice-wallet: 1/1 verified
  QUOTE	buy	in=655360 nicks	out_net=894 tokens	pool_fee=7226 nicks	lore_fee=3281 nicks	nock_fees=10507 nicks	token_fees=0 tokens	network_fee=16384 nicks	spot_e9=655360000000	exec_e9=733064876957	impact_bps=1185
  POOL-BEFORE	6553600	10000
  POOL-AFTER	7204679	9106
  ATTACK	lore-short	1
  POOL-SPEND	to_user=1000+894t	successor=6549320+9106t	lore=3280+0t	fee=0
  PINNED	user	6Gn3zaAVYhto5qpVL84CpBQNGGokBxssUtZmw5879BESZVMdTmpEhfw	3aHCMRofcAX5nJwuXoXN1F6VtTBmWNMnmRn1GGtapXXRNhAiXjhsh2T
  FEE	current=16384	required=8384	seed_words=43	witness_words=90
  WROTE	/home/user/nmeme-run/pool/lore-short/assembled.jam
  NEWSIGHASH	4mWu8uLjC6W9BgWVzTW9r4qJ3ZPMNgP28xDnKfy1QYz14mkjyF4b8Ax	8gS6bZ9Pb4jEsAx8PrUSPfb8uRZerc4REgwXbJwN4LJZXGHusdxna58
  NEWSIGHASH	37zA84mvnPZhabWFtWPnnT1eB5tFJXiN4x3Lbh9CJEzDened23RyzHQ	9r2v7uPcvqKXhhFfVZyaMRkEC6zPoWTiFqL9wxT6Pkfafez5fERCqmF
== attack: lore-short (txid 6Foqb9K1t88mEXbWdf2Uo6Uvj8sk9Y3NQCZAgQUERqKRnx2PYRVbEkh) ==
  node: TXID	6Foqb9K1t88mEXbWdf2Uo6Uvj8sk9Y3NQCZAgQUERqKRnx2PYRVbEkh
  node: SEND	acknowledged
  node: MEMPOOL	not admitted	not in the node's accepted set
== pool-lore-tokens: open pool token=26EG9u2Vs3rU7vvsiBSVBDtD2Tv4XnzdDvspsD4fBAGVMvzn4kT3as8 fee=112 nock=6553600 tokens=10000 from [2tqeQQXSWe5U7qCy4jprnGqrDEVrq4bK5669ShFSjRPzM1PuEFSr11f 21Vxgwj7M6awZ4TSHAHrX65f7EfYEhc9rtnoZWY2ccZarWrtv5hp5vD] (919900 held) -> lock 9P7WBmD9Zc7VDHFeESAt3XpQCy6xYK8mKJgpM9Rjoi5zWr1GCQFeLzb ==
  pool-lore-tokens-wallet: 1/1 verified
  pool-lore-tokens-resigned: 1/1 verified
  pool-lore-tokens mined (inputs spent) by height 493
# funding: 484 coinbase (verified against block parents), 0 plain, 0 claim
# funding: 0 coinbase (verified against block parents), 4 plain, 5 claim
  alice-wallet: 1/1 verified
  QUOTE	buy	in=655360 nicks	out_net=894 tokens	pool_fee=7292 nicks	lore_fee=3281 nicks	nock_fees=10573 nicks	token_fees=0 tokens	network_fee=16384 nicks	spot_e9=655360000000	exec_e9=733064876957	impact_bps=1185
  POOL-BEFORE	6553600	10000
  POOL-AFTER	7204679	9106
  ATTACK	lore-tokens	10
  POOL-SPEND	to_user=1000+894t	successor=6549319+9096t	lore=3281+10t	fee=0
  PINNED	user	6Gn3zaAVYhto5qpVL84CpBQNGGokBxssUtZmw5879BESZVMdTmpEhfw	7HEaVKB2Q2SnrM6WNR6Ka1pEEpXddH1jEejtbuVzLMFMypkaB5Uqw8n
  FEE	current=16384	required=9408	seed_words=51	witness_words=90
  WROTE	/home/user/nmeme-run/pool/lore-tokens/assembled.jam
  NEWSIGHASH	4mWu8uLjC6W9BgWVzTW9r4qJ3ZPMNgP28xDnKfy1QYz14mkjyF4b8Ax	9koqspaL3s3Mj3vcDi4nJ8RaUzZHSSuztJduRvUD6f8n7jjBJRiGND6
  NEWSIGHASH	2GjUcV48sdbvdquBG6bkoXQBfCbHeoGwntGmQEtiwsyKAAQK4XwpMUG	KUYAYw3zKzE6JftCtmmQeEt5f9n4QsogLjXmvcxnkzXwRiAUYiUBB2
== attack: lore-tokens (txid DZ9JWFGSyKcxVDj3XUVVtEJcyJWjyocEGKHDPbe7aJ4fLcQYqL7cgxP) ==
  node: TXID	DZ9JWFGSyKcxVDj3XUVVtEJcyJWjyocEGKHDPbe7aJ4fLcQYqL7cgxP
  node: SEND	acknowledged
  node: MEMPOOL	not admitted	not in the node's accepted set
== pool-creator-key: open pool token=26EG9u2Vs3rU7vvsiBSVBDtD2Tv4XnzdDvspsD4fBAGVMvzn4kT3as8 fee=108 nock=6553600 tokens=10000 from [2tqeQQXSWe5U7qCy4jprnGqrDEVrq4bK5669ShFSjRPzM1PuEFSr11f MdX3dVuaxeyv9GHU4ynZ9DmCWhQWsQQs5Xa3N1ZZimei8oR4u8ToLD] (909900 held) -> lock B18DV7nfAmNwdyWWgPpvPvrf9r1fJUQRaZqpBkFYwuUJvR5twUah9o7 ==
  pool-creator-key-wallet: 1/1 verified
  pool-creator-key-resigned: 1/1 verified
  pool-creator-key mined (inputs spent) by height 517
# funding: 508 coinbase (verified against block parents), 0 plain, 0 claim
# funding: 0 coinbase (verified against block parents), 4 plain, 5 claim
  alice-wallet: 1/1 verified
  QUOTE	buy	in=655360 nicks	out_net=894 tokens	pool_fee=7031 nicks	lore_fee=3281 nicks	nock_fees=10312 nicks	token_fees=0 tokens	network_fee=16384 nicks	spot_e9=655360000000	exec_e9=733064876957	impact_bps=1185
  POOL-BEFORE	6553600	10000
  POOL-AFTER	7204679	9106
  ATTACK	witness-pkh	8sqwGBr2NqrpGNCATMFDiwJVTmHdjnPRbEez8EuN6QJXHGmXN7pyL9o
  POOL-SPEND	to_user=1000+894t	successor=6549319+9106t	lore=3281+0t	fee=0
  PINNED	user	6Gn3zaAVYhto5qpVL84CpBQNGGokBxssUtZmw5879BESZVMdTmpEhfw	9CRzGapfcnQrLrhYPezCReXRQ4thUmZ3b1SS8m3FAy7DEAsGCHgJine
  FEE	current=16384	required=9280	seed_words=43	witness_words=118
  WROTE	/home/user/nmeme-run/pool/creator-key/assembled.jam
  NEWSIGHASH	4mWu8uLjC6W9BgWVzTW9r4qJ3ZPMNgP28xDnKfy1QYz14mkjyF4b8Ax	AcQM4VxyiGJTrWZvznXmnzMo2cH3Xi9RfWLJh2FpCzEeqEDcbinfaWe
  NEWSIGHASH	5F66TYGwgivsdKrB4vpXGrJ8EN1ribYTpybJYh2eXm7p7GnDvKafiKJ	C4Cm2tjkWpX36utFWpcAvD1ScyEqfpo9k36pjpjEptZa4n4Tc4DsQ9x
== attack: creator-key (txid kjnGJXwggo1KSRAtCN36SEd4PokqkN1JFVMPNMcthK2YEKacD6zYj5) ==
  node: TXID	kjnGJXwggo1KSRAtCN36SEd4PokqkN1JFVMPNMcthK2YEKacD6zYj5
  node: SEND	acknowledged
  node: MEMPOOL	not admitted	not in the node's accepted set
== pool-merge: open pool token=26EG9u2Vs3rU7vvsiBSVBDtD2Tv4XnzdDvspsD4fBAGVMvzn4kT3as8 fee=109 nock=6553600 tokens=10000 from [2tqeQQXSWe5U7qCy4jprnGqrDEVrq4bK5669ShFSjRPzM1PuEFSr11f 9fXG3b648H5fjQszTiSGUDBSM5bNsdHjpVAPsDAL9mR8y4A6H91vmWU] (899900 held) -> lock 4cppowQEuNY75ubnCQNw6sHQEYs293AWuty7KRXfL5jNxMKuRxsUjrj ==
  pool-merge-wallet: 1/1 verified
  pool-merge-resigned: 1/1 verified
  pool-merge mined (inputs spent) by height 547
  donate-merge mined (inputs spent) by height 566
# funding: 557 coinbase (verified against block parents), 0 plain, 0 claim
# funding: 0 coinbase (verified against block parents), 4 plain, 5 claim
  alice-wallet: 1/1 verified
== attack: take-donation (txid 5EZZMGr7tw7GdtQoif1XLqW2XQvepBfrXDznZzeXNoX6TamVM1J31UG) ==
  node: TXID	5EZZMGr7tw7GdtQoif1XLqW2XQvepBfrXDznZzeXNoX6TamVM1J31UG
  node: SEND	acknowledged
  node: MEMPOOL	not admitted	not in the node's accepted set
== pool-merge-ok: open pool token=26EG9u2Vs3rU7vvsiBSVBDtD2Tv4XnzdDvspsD4fBAGVMvzn4kT3as8 fee=110 nock=6553600 tokens=10000 from [2tqeQQXSWe5U7qCy4jprnGqrDEVrq4bK5669ShFSjRPzM1PuEFSr11f AaXxASihTaP2RJKYrFidjbxDA2VDQpi9wgLuQy637WVpXEXBh4QNrHi] (888900 held) -> lock C8aQZbocbDMajxrPgezyVtwKSaoZXioNz21X2TmXCSgAiqL8HAtjpZK ==
  pool-merge-ok-wallet: 1/1 verified
  pool-merge-ok-resigned: 1/1 verified
  pool-merge-ok mined (inputs spent) by height 596
  donate-ok mined (inputs spent) by height 600
# funding: 591 coinbase (verified against block parents), 0 plain, 0 claim
# funding: 0 coinbase (verified against block parents), 4 plain, 5 claim
  alice-wallet: 1/1 verified
  QUOTE	buy	in=655360 nicks	out_net=894 tokens	pool_fee=7161 nicks	lore_fee=3281 nicks	nock_fees=10442 nicks	token_fees=0 tokens	network_fee=16384 nicks	spot_e9=655360000000	exec_e9=733064876957	impact_bps=1185
  POOL-BEFORE	6553600	10000
  POOL-AFTER	7204679	9106
  ALSO-SPEND	merge	100000	1000
  POOL-SPEND	to_user=1000+894t	successor=6549319+10106t	lore=3281+0t	fee=0
  PINNED	user	6Gn3zaAVYhto5qpVL84CpBQNGGokBxssUtZmw5879BESZVMdTmpEhfw	55ZuiXkDQs72qi4s6Vhgv849Fsbt776wh8cCJ8Y8R55FmG7RdHRWFzD
  FEE	current=16384	required=9280	seed_words=43	witness_words=118
  WROTE	/home/user/nmeme-run/pool/merge-ok/assembled.jam
  NEWSIGHASH	4mWu8uLjC6W9BgWVzTW9r4qJ3ZPMNgP28xDnKfy1QYz14mkjyF4b8Ax	7dKD1QwnMsKfxb1SVrgRCqnpe2p6V4HLpPbGmVpBw7JMpxGUif4TPfS
  NEWSIGHASH	91L8zGpXjpmSgGjxxw8vuJVdB1jjFc6rnGbUqXdyp8ddhyG8zsuSvJV	2ppPWmKibChYWBTJJ6t4jSMLhqkThU3BYDH9y6DuqaX7z1wB2QU7EWS
  NEWSIGHASH	91L8zGpXjpmSgGjxxw8vuJVdB1jjFc6rnGbUqXdyp8ddhyG8zsuSvJV	78hSJp2tRZSXnfgHXo6k7iFU4yBNNMvvGpT1dFRT8DrrjqobZk6gXHh
  merge-ok mined (inputs spent) by height 625
FAIL: merge-ok: the Lore Wallet holds 21368 nicks, expected 18087
#### resume 04:44:52
  (rebuilding alice's wallet arena: 719 MB)
# funding: 615 coinbase (verified against block parents), 0 plain, 0 claim
# funding: 0 coinbase (verified against block parents), 4 plain, 6 claim
# funding: 615 coinbase (verified against block parents), 0 plain, 0 claim
# funding: 0 coinbase (verified against block parents), 4 plain, 6 claim
