   Compiling x25519-dalek v2.0.1
   Compiling dashmap v6.1.0
   Compiling rustls-webpki v0.103.13
   Compiling darling_macro v0.21.3
   Compiling hyper-timeout v0.5.2
   Compiling opentelemetry v0.30.0
   Compiling ptr_meta_derive v0.3.1
   Compiling nockvm_macros v0.1.0 (/workspace/scratch/f94d58e27f83/native-verification/crates/nockvm/rust/nockvm_macros)
   Compiling num-derive v0.4.2
   Compiling tokio-rustls v0.26.4
   Compiling rustls-platform-verifier v0.7.0
   Compiling hyper-rustls v0.27.9
   Compiling sha1 v0.10.6
   Compiling serde_spanned v1.1.1
   Compiling memmap2 v0.9.10
   Compiling intmap v3.1.3
   Compiling nockvm_crypto v0.1.0 (/workspace/scratch/f94d58e27f83/native-verification/crates/nockvm/rust/nockvm_crypto)
   Compiling reqwest v0.13.3
   Compiling ptr_meta v0.3.1
   Compiling darling v0.21.3
   Compiling signal-hook-mio v0.2.5
   Compiling const-random v0.1.18
   Compiling rusticata-macros v4.1.0
   Compiling pest_meta v2.8.6
   Compiling alloy-rpc-types-any v1.8.3
   Compiling alloy-transport v1.8.3
   Compiling bincode v2.0.1
   Compiling alloy-signer v1.8.3
   Compiling sharded-slab v0.1.7
   Compiling matchers v0.2.0
   Compiling prost-derive v0.13.5
   Compiling crossbeam-channel v0.5.15
   Compiling asn1-rs-derive v0.6.0
   Compiling strum_macros v0.27.2
   Compiling num_enum_derive v0.7.6
   Compiling asn1-rs-impl v0.2.0
   Compiling rand_chacha v0.3.1
   Compiling tracy-client-sys v0.28.0
   Compiling toml_datetime v0.7.5+spec-1.1.0
   Compiling tracing-log v0.2.0
   Compiling thread_local v1.1.9
   Compiling murmur3 v0.5.2 (/workspace/scratch/f94d58e27f83/native-verification/crates/nockvm/rust/murmur3)
   Compiling diesel_derives v2.3.9
   Compiling portable-atomic v1.13.1
   Compiling utf8parse v0.2.2
   Compiling erased-serde v0.4.10
   Compiling nu-ansi-term v0.50.3
   Compiling tracing-subscriber v0.3.23
   Compiling anstyle-parse v1.0.0
   Compiling num_enum v0.7.6
   Compiling nockvm v0.1.0 (/workspace/scratch/f94d58e27f83/native-verification/crates/nockvm/rust/nockvm)
   Compiling strum v0.27.2
   Compiling toml v0.9.12+spec-1.1.0
   Compiling rand v0.8.6
   Compiling asn1-rs v0.7.1
   Compiling prost v0.13.5
   Compiling alloy-network v1.8.3
   Compiling crossterm v0.29.0
   Compiling alloy-transport-http v1.8.3
   Compiling pest_generator v2.8.6
   Compiling dlv-list v0.5.2
   Compiling dsl_auto_type v0.2.0
   Compiling rancor v0.1.1
   Compiling opentelemetry_sdk v0.30.0
   Compiling num-integer v0.1.46
   Compiling axum-core v0.5.6
   Compiling crossbeam-epoch v0.9.18
   Compiling bytecheck_derive v0.8.2
   Compiling async-stream-impl v0.3.6
   Compiling raw-cpuid v11.6.0
   Compiling fs-err v3.3.0
   Compiling diesel_table_macro_syntax v0.3.0
   Compiling serde_path_to_error v0.1.20
   Compiling inotify-sys v0.1.5
   Compiling anstyle-query v1.1.5
   Compiling strict v0.2.0
   Compiling anstyle v1.0.14
   Compiling matchit v0.8.4
   Compiling is_terminal_polyfill v1.70.2
   Compiling thiserror v1.0.69
   Compiling simdutf8 v0.1.5
   Compiling same-file v1.0.6
   Compiling colorchoice v1.0.5
   Compiling iana-time-zone v0.1.65
   Compiling oid-registry v0.8.1
   Compiling bitflags v1.3.2
   Compiling inotify v0.9.6
   Compiling chrono v0.4.44
   Compiling anstream v1.0.0
   Compiling walkdir v2.5.0
   Compiling bytecheck v0.8.2
   Compiling axum v0.8.9
   Compiling crokey-proc_macros v1.4.0
   Compiling quanta v0.12.6
   Compiling async-stream v0.3.6
   Compiling crossbeam-deque v0.8.6
   Compiling num-bigint v0.4.6
   Compiling pest_derive v2.8.6
   Compiling ordered-multimap v0.7.3
   Compiling alloy-rpc-client v1.8.3
   Compiling tonic v0.13.1
   Compiling migrations_internals v2.3.0
   Compiling noun-serde-derive v0.1.0 (/workspace/scratch/f94d58e27f83/native-verification/crates/noun-serde-derive)
   Compiling alloy-chains v0.2.34
   Compiling env_filter v1.0.1
   Compiling lazy-regex-proc_macros v3.6.0
   Compiling reqwest v0.12.28
   Compiling hashlink v0.10.0
   Compiling alloy-dyn-abi v1.5.7
   Compiling retry v2.2.0
   Compiling crossbeam-queue v0.3.12
   Compiling webpki-roots v1.0.7
   Compiling spinning_top v0.3.0
   Compiling thiserror-impl v1.0.69
   Compiling munge_macro v0.4.7
   Compiling lru v0.16.4
   Compiling blake3 v1.8.5
   Compiling mio v0.8.11
   Compiling toml_datetime v1.1.1+spec-1.1.0
   Compiling filetime v0.2.27
   Compiling encoding_rs v0.8.35
   Compiling base64ct v1.8.3
   Compiling web-time v1.1.0
   Compiling arrayref v0.3.9
   Compiling futures-timer v3.0.3
   Compiling clap_lex v1.1.0
   Compiling arraydeque v0.5.1
   Compiling nonzero_ext v0.3.0
   Compiling option-ext v0.2.0
   Compiling no-std-compat v0.4.1
   Compiling downcast-rs v2.0.2
   Compiling governor v0.8.1
   Compiling dirs-sys v0.5.0
   Compiling yaml-rust2 v0.10.4
   Compiling clap_builder v4.6.0
   Compiling password-hash v0.5.0
   Compiling notify v5.2.0
   Compiling toml v1.1.2+spec-1.1.0
   Compiling diesel v2.3.9
   Compiling alloy-provider v1.8.3
   Compiling munge v0.4.7
   Compiling tonic v0.14.6
   Compiling crossbeam v0.8.4
   Compiling dogstatsd v0.12.3
   Compiling lazy-regex v3.6.0
   Compiling opentelemetry-http v0.30.0
   Compiling env_logger v0.11.10
   Compiling serde-untagged v0.1.9
   Compiling noun-serde v0.1.0 (/workspace/scratch/f94d58e27f83/native-verification/crates/noun-serde)
   Compiling migrations_macros v2.3.0
   Compiling opentelemetry-proto v0.30.0
   Compiling rust-ini v0.21.3
   Compiling json5 v0.4.1
   Compiling tracy-client v0.18.4
   Compiling der-parser v10.0.0
   Compiling crokey v1.4.0
   Compiling rend v0.5.3
   Compiling coolor v1.1.0
   Compiling ron v0.12.1
   Compiling rand v0.10.1
   Compiling yasna v0.5.2
   Compiling arc-swap v1.9.1
   Compiling tracing-test-macro v0.2.6
   Compiling rkyv_derive v0.8.16
   Compiling clap_derive v4.6.1
   Compiling pem v3.0.6
   Compiling convert_case v0.6.0
   Compiling blake2 v0.10.6
   Compiling sysinfo v0.28.4
   Compiling minimad v0.13.1
   Compiling pathdiff v0.2.3
   Compiling unicode-width v0.1.14
   Compiling cpufeatures v0.3.0
   Compiling maplit v1.0.2
   Compiling constant_time_eq v0.4.2
   Compiling data-encoding v2.11.0
   Compiling nockapp v0.1.15 (/workspace/scratch/f94d58e27f83/native-verification/crates/nockapp)
   Compiling x509-parser v0.17.0
   Compiling clap v4.6.1
   Compiling gnort v0.2.0
   Compiling termimad v0.33.0
   Compiling rkyv v0.8.16
   Compiling config v0.15.22
   Compiling yaque v0.6.6
   Compiling argon2 v0.5.3
   Compiling rcgen v0.14.7
   Compiling tracing-test v0.2.6
   Compiling axum-server v0.8.0
   Compiling quickcheck v1.1.0
   Compiling diesel_migrations v2.3.2
   Compiling tracing-tracy v0.11.4
   Compiling opentelemetry-otlp v0.30.0
   Compiling alloy-contract v1.8.3
   Compiling instant-acme v0.7.2
   Compiling dirs v6.0.0
   Compiling alloy-core v1.5.7
   Compiling tracing-opentelemetry v0.31.0
   Compiling alloy-signer-local v1.8.3
   Compiling tempfile v3.27.0
   Compiling uuid v1.23.3
   Compiling alloy-rpc-types v1.8.3
   Compiling signal-hook-tokio v0.3.1
   Compiling bs58 v0.5.1
   Compiling byteorder v1.5.0
   Compiling nockchain-math v0.1.15 (/workspace/scratch/f94d58e27f83/native-verification/crates/nockchain-math)
   Compiling alloy v1.8.2
   Compiling hex v0.4.3
   Compiling prost-derive v0.14.3
   Compiling pulldown-cmark v0.13.3
   Compiling prettyplease v0.2.37
   Compiling nockchain-types v0.1.15 (/workspace/scratch/f94d58e27f83/native-verification/crates/nockchain-types)
   Compiling prost v0.14.3
   Compiling fixedbitset v0.5.7
   Compiling petgraph v0.8.3
   Compiling prost-types v0.14.3
   Compiling pulldown-cmark-to-cmark v22.0.0
   Compiling multimap v0.10.1
   Compiling tonic-build v0.14.6
   Compiling prost-build v0.14.3
   Compiling nmeme-core v0.1.0 (/workspace/scratch/f94d58e27f83/native-verification/crates/nmeme-core)
   Compiling wallet-tx-builder v0.1.15 (/workspace/scratch/f94d58e27f83/native-verification/crates/wallet-tx-builder)
   Compiling nmeme-tx v0.1.0 (/workspace/scratch/f94d58e27f83/native-verification/crates/nmeme-tx)
   Compiling protoc-bin-vendored-win32 v3.2.0
   Compiling protoc-bin-vendored-linux-x86_64 v3.2.0
   Compiling protoc-bin-vendored-macos-x86_64 v3.2.0
   Compiling protoc-bin-vendored-linux-s390_64 v3.2.0
   Compiling protoc-bin-vendored-linux-x86_32 v3.2.0
   Compiling protoc-bin-vendored-macos-aarch_64 v3.2.0
   Compiling protoc-bin-vendored-linux-aarch_64 v3.2.0
   Compiling protoc-bin-vendored-linux-ppcle_64 v3.2.0
   Compiling protoc-bin-vendored v3.2.0
   Compiling tonic-prost-build v0.14.6
   Compiling glob v0.3.3
   Compiling tonic-prost v0.14.6
   Compiling nockapp-grpc-proto v0.1.15 (/workspace/scratch/f94d58e27f83/native-verification/crates/nockapp-grpc-proto)
   Compiling nmeme-index v0.1.0 (/workspace/scratch/f94d58e27f83/native-verification/crates/nmeme-index)
    Finished `test` profile [optimized + debuginfo] target(s) in 5m 10s
     Running unittests src/lib.rs (target/debug/deps/nmeme_core-640e063c1c274e8e)

running 0 tests

test result: ok. 0 passed; 0 failed; 0 ignored; 0 measured; 0 filtered out; finished in 0.00s

     Running tests/standard.rs (target/debug/deps/standard-726aab8b1ee57c1f)

running 26 tests
test every_ticker_limb_is_a_field_element ... ok
test claim_rejects_zero_and_oversized_values ... ok
test claiming_a_token_never_consumed_mints_nothing ... ok
test amounts_above_the_supply_cap_are_rejected_at_the_codec ... ok
test genesis_cannot_consume_existing_token_weight ... ok
test genesis_claim_round_trips ... ok
test genesis_creates_fixed_supply ... ok
test many_capped_claims_cannot_overflow_the_indexer ... ok
test mixed_token_inputs_are_rejected_in_v0 ... ok
test spending_with_a_token_unaware_wallet_burns ... ok
test reorg_rebuilds_from_replacement_history ... ok
test replay_is_deterministic ... ok
test ticker_round_trips_through_limbs ... ok
test ticker_rejects_bad_input ... ok
test non_conserving_transfer_burns_everything ... ok
test one_claim_per_lock_root_after_merging ... ok
test token_id_binds_ticker_and_decimals ... ok
test token_id_noun_round_trips ... ok
test token_id_is_independent_of_input_ordering ... ok
test transfer_splits_and_conserves ... ok
test transfer_claim_round_trips ... ok
test token_id_separates_same_ticker_from_different_anchors ... ok
test wrapped_genesis_supply_cannot_understate_holdings ... ok
test two_capped_amounts_cannot_overflow_a_u64 ... ok
test wrapped_claim_sum_cannot_mint ... ok
test supply_is_conserved_across_a_long_chain_of_transfers ... ok

test result: ok. 26 passed; 0 failed; 0 ignored; 0 measured; 0 filtered out; finished in 0.00s

     Running unittests src/lib.rs (target/debug/deps/nmeme_index-4a7941f9557370af)

running 0 tests

test result: ok. 0 passed; 0 failed; 0 ignored; 0 measured; 0 filtered out; finished in 0.00s

     Running unittests src/main.rs (target/debug/deps/nmeme_index-2ae40960cc6afec5)

running 0 tests

test result: ok. 0 passed; 0 failed; 0 ignored; 0 measured; 0 filtered out; finished in 0.00s

     Running tests/binding.rs (target/debug/deps/binding-08cfc5e184c3807c)

running 6 tests
test a_note_with_the_right_recipient_but_wrong_identity_is_refused ... ok
test a_note_cannot_be_claimed_by_two_steps ... ok
test a_missing_output_fails_rather_than_binding_partially ... ok
test each_step_binds_to_its_own_note_and_only_that_note ... ok
test successive_change_outputs_to_alice_share_a_first_name ... ok
test equal_gifts_across_steps_never_collide_in_binding ... ok

test result: ok. 6 passed; 0 failed; 0 ignored; 0 measured; 0 filtered out; finished in 0.00s

     Running tests/decode.rs (target/debug/deps/decode-856736cc7cce6a79)

running 8 tests
test garbage_is_rejected ... ok
test a_foreign_payload_under_the_meme_key_is_rejected ... ok
test a_transfer_claim_survives_the_blob_encoding ... ok
test every_ticker_width_survives ... ok
test a_truncated_blob_is_rejected_not_misread ... ok
test a_future_version_is_rejected_rather_than_guessed ... ok
test a_genesis_claim_survives_the_blob_encoding ... ok
test the_supply_cap_survives_the_round_trip ... ok

test result: ok. 8 passed; 0 failed; 0 ignored; 0 measured; 0 filtered out; finished in 0.01s

     Running tests/snapshot.rs (target/debug/deps/snapshot-8f5dc929f4f20550)

running 8 tests
test a_repeated_token_is_an_error_not_an_infinite_loop ... ok
test a_page_without_a_block_id_cannot_anchor_a_snapshot ... ok
test pages_at_different_blocks_are_refused ... ok
test a_single_page_read_is_the_degenerate_case_not_a_shortcut ... ok
test same_height_different_block_is_still_refused ... ok
test the_loop_follows_tokens_until_the_node_returns_an_empty_one ... ok
test bracketing_detects_a_tip_that_moved_during_transaction_reads ... ok
test a_runaway_pager_is_bounded ... ok

test result: ok. 8 passed; 0 failed; 0 ignored; 0 measured; 0 filtered out; finished in 0.00s

     Running unittests src/lib.rs (target/debug/deps/nmeme_tx-ab0bb92ace30b546)

running 0 tests

test result: ok. 0 passed; 0 failed; 0 ignored; 0 measured; 0 filtered out; finished in 0.00s

     Running unittests src/main.rs (target/debug/deps/nmeme_tx-d4e2d62c7e058b2a)

running 0 tests

test result: ok. 0 passed; 0 failed; 0 ignored; 0 measured; 0 filtered out; finished in 0.00s

     Running tests/attach.rs (target/debug/deps/attach-8280b698de1ab0a5)

running 13 tests
test attaches_to_the_seed_paying_the_named_lock_root ... ok
test a_pinned_output_source_is_refused_rather_than_guessed ... ok
test different_claims_give_different_note_data_digests ... ok
test empty_note_data_digests_as_the_null_leaf ... ok
test genesis_and_transfer_claims_are_distinguishable_in_the_digest ... ok
test preserves_note_data_that_is_already_present ... ok
test refuses_an_unknown_lock_root ... ok
test refuses_to_overwrite_an_existing_meme_entry ... ok
test refuses_two_seeds_sharing_one_lock_root ... ok
test note_data_digest_is_not_a_plain_noun_hash ... ok
test the_signing_hash_is_deterministic_and_order_independent ... ok
test attaching_a_claim_changes_the_signing_hash ... ok
test the_signing_hash_covers_the_fee ... ok

test result: ok. 13 passed; 0 failed; 0 ignored; 0 measured; 0 filtered out; finished in 0.00s

     Running tests/fee.rs (target/debug/deps/fee-cbc6dd7151ced81f)

running 5 tests
test mainnet_charges_more_per_word_than_fakenet ... ok
test the_minimum_is_never_below_the_network_floor ... ok
test attaching_a_claim_raises_the_required_fee ... ok
test a_fee_below_the_post_attach_minimum_is_refused_with_the_shortfall ... ok
test a_fee_at_the_minimum_is_accepted_and_one_below_is_not ... ok

test result: ok. 5 passed; 0 failed; 0 ignored; 0 measured; 0 filtered out; finished in 0.00s

     Running tests/independent_fee_path.rs (target/debug/deps/independent_fee_path-c8024d985e83308d)

running 1 test

thread 'fee_must_include_the_supplied_merkle_path' (8306) panicked at crates/nmeme-tx/tests/independent_fee_path.rs:50:5:
assertion `left == right` failed: one supplied Merkle sibling must be charged; fee estimator must use actual path length
  left: 56
 right: 61
note: run with `RUST_BACKTRACE=1` environment variable to display a backtrace
test fee_must_include_the_supplied_merkle_path ... FAILED

failures:

failures:
    fee_must_include_the_supplied_merkle_path

test result: FAILED. 0 passed; 1 failed; 0 ignored; 0 measured; 0 filtered out; finished in 0.00s

error: test failed, to rerun pass `-p nmeme-tx --test independent_fee_path`

