  (rebuilding alice's wallet arena: 721 MB)
# funding: 1353 coinbase (verified against block parents), 0 plain, 0 claim
# funding: 1353 coinbase (verified against block parents), 0 plain, 0 claim
  fund mined (inputs spent) by height 1383
  ledger: MINED-RELEASED	2vGwiYFCiRXY6N3K52xuFwGjhAZJr6syyKHfcnvXdYHqQ4uZz2EMw2c
  buy-wallet: 1/1 verified
  QUOTE	buy	in=655360 nicks	out_net=3735 tokens	pool_fee=6510 nicks	lore_fee=3281 nicks	nock_fees=9791 nicks	token_fees=0 tokens	network_fee=16384 nicks	spot_e9=162426808036	exec_e9=175464524765	impact_bps=802
  POOL-BEFORE	10355846	63757
  POOL-AFTER	11006925	60022
  POOL-SPEND	to_user=1000+3735t	successor=10351565+60022t	lore=3281+0t	fee=0
  PINNED	user	8Jam9FwZsKZBV3FQtoLVkVGWcVHb7h7bbjWjiy2UPAoqJPmCk1KNiq5	8BjLc2xzrs3svm8jWenzL2hRncS43DcagzwiAVpJw8ApqbLRjpVSxeu
  FEE	current=16384	required=8192	seed_words=43	witness_words=84
  WROTE	/home/user/nmeme-run/walletdemo/buy/assembled.jam
  NEWSIGHASH	CtQgWJuE2wDcqtfqEErMz6J2NNFzToXqwsXUfrMKQRb5WRNQKsYZ2nw.6fxdqaJxMJdmoci7YmcTicaJbAgdEizqAKkx7RWwefxygi6aFRmGT6H	Bi4MqwhsaHEA2a35wa5gyz8BG6esXmDzAn6nBHFfw1vqY5NeRJt4ymv
  NEWSIGHASH	2mZjFX8GRKid4Qx4ERPRKaJXkEVKWHYHc9VWK6XpGxeYRsZNSpYh9Pp.41VXimL7huBQJPQii9PfY1z2yqMYMBkZRxFRfGbCYhLxrN2u5au9HLf	915KdvmsXW13gwNw3inQ1aRb6Ewnkh9fVxpp72UtYkQJDyBFo3CYM7K
  buy mined (inputs spent) by height 1407
  ledger: MINED-RELEASED	6oN1t7J6QbgXNVDTD7M5dW8ChgbBjxpG5eWPLqZjg5phh3dyGmtgY8T
  sell-wallet: 1/1 verified
  ATTACHED	8Jam9FwZsKZBV3FQtoLVkVGWcVHb7h7bbjWjiy2UPAoqJPmCk1KNiq5	1977
  QUOTE	sell	in=1976 tokens	out_net=346668 nicks	pool_fee=19 tokens	lore_fee=1747 nicks	nock_fees=1747 nicks	token_fees=19 tokens	network_fee=16384 nicks	spot_e9=183381510112	exec_e9=175439271255	impact_bps=452
  POOL-BEFORE	11006925	60022
  POOL-AFTER	10659510	61998
  POOL-SPEND	to_user=346668+0t	successor=10658510+61998t	lore=1747+0t	fee=0
  PINNED	user	8Jam9FwZsKZBV3FQtoLVkVGWcVHb7h7bbjWjiy2UPAoqJPmCk1KNiq5	BGfTDrz7XZjvNHVhZ2sFBfmbhkJpWcXN8cuvdRqD1Qc6oi4Xr1vP9oX
  FEE	current=16384	required=8192	seed_words=43	witness_words=84
  WROTE	/home/user/nmeme-run/walletdemo/sell/assembled.jam
  NEWSIGHASH	CtQgWJuE2wDcqtfqEErMz6J2NNFzToXqwsXUfrMKQRb5WRNQKsYZ2nw.At53Ec7HsUGu3JTA7FmgaP4w73Y91HDt2tucWyurTQrwDAFEaZ1r9o5	CbNGQDwpd66oZEwhqAE85wa95iHi9CGRzNa2hhk8rCTkkxyqfaBcFin
  NEWSIGHASH	2mZjFX8GRKid4Qx4ERPRKaJXkEVKWHYHc9VWK6XpGxeYRsZNSpYh9Pp.9WjQjiFq5fxx3dFF8zSgQ7MkZCRHEmD54aAgENwSLcUHaJSvBHga3L	4Uhc3Q4rjByM13qwwRSDp78FVhKfPWrtLdUr9sKAhkgeo44L7xTV1Vi
  sell mined (inputs spent) by height 1420
  ledger: MINED-RELEASED	3wxnv4VQRqL3YDfZYxJimpmWW7mru6YwWDPpGUsLkXYQ18E4ALL5rAg
  xfer-wallet: 1/1 verified
  xfer mined (inputs spent) by height 1429
  ledger: MINED-RELEASED	6ctUCNCsAPwcEd8RoLDHcy6hVyB9epUxroAwi8pCgGPzm4Ta1bA9xoy
