ok    no blocks at all -> fail (rc=1 out=)
ok    height 1 below minimum 3 -> fail (the reproduced bug) (rc=1 out=)
ok    height 2, one short -> fail (rc=1 out=)
ok    height 3 meets minimum 3 -> pass (rc=0 out=3)
ok    height 7 exceeds minimum -> pass (rc=0 out=7)
ok    latest line wins -> pass (rc=0 out=5)

height-gate self-test: all checks passed
height=33
alice has a note at height<=34; chain at 36, coinbase mature
== stage 5: genesis ==
alice lock-root=6Gn3zaAVYhto5qpVL84CpBQNGGokBxssUtZmw5879BESZVMdTmpEhfw
bob   lock-root=CyjTA9Bz6oiepyYL4L4kyk3KPAtJRipnxkNZ7oDZSeygrevcLocA7wV
  tx=/home/user/nmeme-run/wallets/alice/txs/2xV3Mtz2anZESAXFSMRTHamLnXpUPHJsRrm5NR1wnZHYtB97LKn8os7.tx
  verified output lock-root 6Gn3zaAVYhto5qpVL84CpBQNGGokBxssUtZmw5879BESZVMdTmpEhfw
FEE	current=8192	required=5504	seed_words=29	witness_words=56
  new sig-hash=9SzRvwAqmEYAaFV6pcFAkUnF2zV1XYNLfobprXDLhi2T5h2VR97FUnm
nockchain-wallet tx-status CqnUQ22o7oxrKsx8NfcwHBv1GBbAtxbji4EAcvxEkAt6aPL8aLXP4
qM.
- Fee: paid 8192 nicks, consensus minimum 6016 nicks.
――――――――――――――――――――――――――――――――――――――――――――――――――――――――――――――――――――――――――――――――

  txid=CqnUQ22o7oxrKsx8NfcwHBv1GBbAtxbji4EAcvxEkAt6aPL8aLXP4qM
  confirmed at height 44
== stage 6: transfer 100 to bob, 999900 back to alice ==
# snapshot height 46 block 9PSDvaHvThNrhCcJ2FA4h2oLcwfkRddKQLXrVfgk6sEBCaDdbjvr4cc
NOTE	[2tqeQQXSWe5U7qCy4jprnGqrDEVrq4bK5669ShFSjRPzM1PuEFSr11f 5mPRD9uYWdvVo9cXeyzdWXmXMf1yhgQ1A3GTZMT9fDLdupycA5e1uza]	0	1000000
  allocating 100 to bob, 999900 back to alice
  spending note(s): [2tqeQQXSWe5U7qCy4jprnGqrDEVrq4bK5669ShFSjRPzM1PuEFSr11f 5mPRD9uYWdvVo9cXeyzdWXmXMf1yhgQ1A3GTZMT9fDLdupycA5e1uza]
  tx=/home/user/nmeme-run/wallets/alice/txs/2hZAkt1CEQ3k5yyREu6MTZL8VQtu9h742hDHt6UMW5favL7crQUBref.tx
  verified output lock-root CyjTA9Bz6oiepyYL4L4kyk3KPAtJRipnxkNZ7oDZSeygrevcLocA7wV
  verified output lock-root 6Gn3zaAVYhto5qpVL84CpBQNGGokBxssUtZmw5879BESZVMdTmpEhfw
FEE	current=8192	required=7168	seed_words=42	witness_words=56
  new sig-hash=C2SmtoVybsSZ5WnMPTCCxeQxMZYExU4yzd2kLjvZHmcCAR9Ej2QGfWE
nockchain-wallet tx-status 7dFCSs6EmbcK4w8n8Jv44JB1WBa76JBFtAQbD7vt6D72G1degNuvU
uG.
- Fee: paid 8192 nicks, consensus minimum 7424 nicks.
――――――――――――――――――――――――――――――――――――――――――――――――――――――――――――――――――――――――――――――――

  txid=7dFCSs6EmbcK4w8n8Jv44JB1WBa76JBFtAQbD7vt6D72G1degNuvUuG
  confirmed at height 55
== stage 7: replay the mined transactions and assert balances ==
error: get_transaction_details(CqnUQ22o7oxrKsx8NfcwHBv1GBbAtxbji4EAcvxEkAt6aPL8aLXP4qM): code: 'Internal error', message: "NounDecode error: Custom error: extract_transactions_from_map: failed to decode tx at entry 0 (hash=CqnUQ22o7oxrKsx8NfcwHBv1GBbAtxbji4EAcvxEkAt6aPL8aLXP4qM): Custom error: Expected v1 raw-tx version 1, got 9298934445053681116"
FAIL: balance rebuild or assertions failed
live-demo exit: 1
